12:08:18 **** Incremental Build of configuration Debug for project Midterm ****
make -j8 all 
arm-none-eabi-gcc "../Core/Src/fsm_normal.c" -mcpu=cortex-m3 -std=gnu11 -g3 -DDEBUG -DUSE_HAL_DRIVER -DSTM32F103x6 -c -I../Core/Inc -I../Drivers/STM32F1xx_HAL_Driver/Inc/Legacy -I../Drivers/STM32F1xx_HAL_Driver/Inc -I../Drivers/CMSIS/Device/ST/STM32F1xx/Include -I../Drivers/CMSIS/Include -O0 -ffunction-sections -fdata-sections -Wall -fstack-usage -MMD -MP -MF"Core/Src/fsm_normal.d" -MT"Core/Src/fsm_normal.o" --specs=nano.specs -mfloat-abi=soft -mthumb -o "Core/Src/fsm_normal.o"
arm-none-eabi-gcc -o "Midterm.elf" @"objects.list"   -mcpu=cortex-m3 -T"D:\Microcontroller\Midterm\STM\Midterm\STM32F103C6UX_FLASH.ld" --specs=nosys.specs -Wl,-Map="Midterm.map" -Wl,--gc-sections -static --specs=nano.specs -mfloat-abi=soft -mthumb -Wl,--start-group -lc -lm -Wl,--end-group
Finished building target: Midterm.elf
 
arm-none-eabi-size   Midterm.elf 
arm-none-eabi-objdump -h -S  Midterm.elf  > "Midterm.list"
arm-none-eabi-objcopy  -O ihex  Midterm.elf  "Midterm.hex"
   text	   data	    bss	    dec	    hex	filename
   9004	     28	   1748	  10780	   2a1c	Midterm.elf
Finished building: default.size.stdout
 
Finished building: Midterm.hex
 
Finished building: Midterm.list
 
12:08:59 **** Incremental Build of configuration Debug for project Midterm ****
make -j8 all 
arm-none-eabi-gcc "../Core/Src/button.c" -mcpu=cortex-m3 -std=gnu11 -g3 -DDEBUG -DUSE_HAL_DRIVER -DSTM32F103x6 -c -I../Core/Inc -I../Drivers/STM32F1xx_HAL_Driver/Inc/Legacy -I../Drivers/STM32F1xx_HAL_Driver/Inc -I../Drivers/CMSIS/Device/ST/STM32F1xx/Include -I../Drivers/CMSIS/Include -O0 -ffunction-sections -fdata-sections -Wall -fstack-usage -MMD -MP -MF"Core/Src/button.d" -MT"Core/Src/button.o" --specs=nano.specs -mfloat-abi=soft -mthumb -o "Core/Src/button.o"
arm-none-eabi-gcc -o "Midterm.elf" @"objects.list"   -mcpu=cortex-m3 -T"D:\Microcontroller\Midterm\STM\Midterm\STM32F103C6UX_FLASH.ld" --specs=nosys.specs -Wl,-Map="Midterm.map" -Wl,--gc-sections -static --specs=nano.specs -mfloat-abi=soft -mthumb -Wl,--start-group -lc -lm -Wl,--end-group
Finished building target: Midterm.elf
 
arm-none-eabi-size   Midterm.elf 
arm-none-eabi-objdump -h -S  Midterm.elf  > "Midterm.list"
arm-none-eabi-objcopy  -O ihex  Midterm.elf  "Midterm.hex"
   text	   data	    bss	    dec	    hex	filename
   8996	     28	   1748	  10772	   2a14	Midterm.elf
Finished building: default.size.stdout
 
Finished building: Midterm.hex
 
Finished building: Midterm.list
 
12:12:46 **** Incremental Build of configuration Debug for project Midterm ****
make -j8 all 
arm-none-eabi-gcc "../Core/Src/button.c" -mcpu=cortex-m3 -std=gnu11 -g3 -DDEBUG -DUSE_HAL_DRIVER -DSTM32F103x6 -c -I../Core/Inc -I../Drivers/STM32F1xx_HAL_Driver/Inc/Legacy -I../Drivers/STM32F1xx_HAL_Driver/Inc -I../Drivers/CMSIS/Device/ST/STM32F1xx/Include -I../Drivers/CMSIS/Include -O0 -ffunction-sections -fdata-sections -Wall -fstack-usage -MMD -MP -MF"Core/Src/button.d" -MT"Core/Src/button.o" --specs=nano.specs -mfloat-abi=soft -mthumb -o "Core/Src/button.o"
arm-none-eabi-gcc -o "Midterm.elf" @"objects.list"   -mcpu=cortex-m3 -T"D:\Microcontroller\Midterm\STM\Midterm\STM32F103C6UX_FLASH.ld" --specs=nosys.specs -Wl,-Map="Midterm.map" -Wl,--gc-sections -static --specs=nano.specs -mfloat-abi=soft -mthumb -Wl,--start-group -lc -lm -Wl,--end-group
Finished building target: Midterm.elf
 
arm-none-eabi-size   Midterm.elf 
arm-none-eabi-objdump -h -S  Midterm.elf  > "Midterm.list"
arm-none-eabi-objcopy  -O ihex  Midterm.elf  "Midterm.hex"
   text	   data	    bss	    dec	    hex	filename
   9012	     28	   1748	  10788	   2a24	Midterm.elf
Finished building: default.size.stdout
 
Finished building: Midterm.hex
 
Finished building: Midterm.list
 
12:17:01 **** Incremental Build of configuration Debug for project Midterm ****
make -j8 all 
arm-none-eabi-gcc "../Core/Src/button.c" -mcpu=cortex-m3 -std=gnu11 -g3 -DDEBUG -DUSE_HAL_DRIVER -DSTM32F103x6 -c -I../Core/Inc -I../Drivers/STM32F1xx_HAL_Driver/Inc/Legacy -I../Drivers/STM32F1xx_HAL_Driver/Inc -I../Drivers/CMSIS/Device/ST/STM32F1xx/Include -I../Drivers/CMSIS/Include -O0 -ffunction-sections -fdata-sections -Wall -fstack-usage -MMD -MP -MF"Core/Src/button.d" -MT"Core/Src/button.o" --specs=nano.specs -mfloat-abi=soft -mthumb -o "Core/Src/button.o"
arm-none-eabi-gcc -o "Midterm.elf" @"objects.list"   -mcpu=cortex-m3 -T"D:\Microcontroller\Midterm\STM\Midterm\STM32F103C6UX_FLASH.ld" --specs=nosys.specs -Wl,-Map="Midterm.map" -Wl,--gc-sections -static --specs=nano.specs -mfloat-abi=soft -mthumb -Wl,--start-group -lc -lm -Wl,--end-group
Finished building target: Midterm.elf
 
arm-none-eabi-size   Midterm.elf 
arm-none-eabi-objdump -h -S  Midterm.elf  > "Midterm.list"
arm-none-eabi-objcopy  -O ihex  Midterm.elf  "Midterm.hex"
   text	   data	    bss	    dec	    hex	filename
   9004	     28	   1748	  10780	   2a1c	Midterm.elf
Finished building: default.size.stdout
 
Finished building: Midterm.hex
 
Finished building: Midterm.list
 
12:21:41 **** Incremental Build of configuration Debug for project Midterm ****
make -j8 all 
arm-none-eabi-gcc "../Core/Src/button.c" -mcpu=cortex-m3 -std=gnu11 -g3 -DDEBUG -DUSE_HAL_DRIVER -DSTM32F103x6 -c -I../Core/Inc -I../Drivers/STM32F1xx_HAL_Driver/Inc/Legacy -I../Drivers/STM32F1xx_HAL_Driver/Inc -I../Drivers/CMSIS/Device/ST/STM32F1xx/Include -I../Drivers/CMSIS/Include -O0 -ffunction-sections -fdata-sections -Wall -fstack-usage -MMD -MP -MF"Core/Src/button.d" -MT"Core/Src/button.o" --specs=nano.specs -mfloat-abi=soft -mthumb -o "Core/Src/button.o"
arm-none-eabi-gcc -o "Midterm.elf" @"objects.list"   -mcpu=cortex-m3 -T"D:\Microcontroller\Midterm\STM\Midterm\STM32F103C6UX_FLASH.ld" --specs=nosys.specs -Wl,-Map="Midterm.map" -Wl,--gc-sections -static --specs=nano.specs -mfloat-abi=soft -mthumb -Wl,--start-group -lc -lm -Wl,--end-group
Finished building target: Midterm.elf
 
arm-none-eabi-size   Midterm.elf 
arm-none-eabi-objdump -h -S  Midterm.elf  > "Midterm.list"
arm-none-eabi-objcopy  -O ihex  Midterm.elf  "Midterm.hex"
   text	   data	    bss	    dec	    hex	filename
   9020	     28	   1748	  10796	   2a2c	Midterm.elf
Finished building: default.size.stdout
 
Finished building: Midterm.hex
 
Finished building: Midterm.list
 
12:25:32 **** Incremental Build of configuration Debug for project Midterm ****
make -j8 all 
arm-none-eabi-gcc "../Core/Src/button.c" -mcpu=cortex-m3 -std=gnu11 -g3 -DDEBUG -DUSE_HAL_DRIVER -DSTM32F103x6 -c -I../Core/Inc -I../Drivers/STM32F1xx_HAL_Driver/Inc/Legacy -I../Drivers/STM32F1xx_HAL_Driver/Inc -I../Drivers/CMSIS/Device/ST/STM32F1xx/Include -I../Drivers/CMSIS/Include -O0 -ffunction-sections -fdata-sections -Wall -fstack-usage -MMD -MP -MF"Core/Src/button.d" -MT"Core/Src/button.o" --specs=nano.specs -mfloat-abi=soft -mthumb -o "Core/Src/button.o"
arm-none-eabi-gcc -o "Midterm.elf" @"objects.list"   -mcpu=cortex-m3 -T"D:\Microcontroller\Midterm\STM\Midterm\STM32F103C6UX_FLASH.ld" --specs=nosys.specs -Wl,-Map="Midterm.map" -Wl,--gc-sections -static --specs=nano.specs -mfloat-abi=soft -mthumb -Wl,--start-group -lc -lm -Wl,--end-group
Finished building target: Midterm.elf
 
arm-none-eabi-size   Midterm.elf 
arm-none-eabi-objdump -h -S  Midterm.elf  > "Midterm.list"
arm-none-eabi-objcopy  -O ihex  Midterm.elf  "Midterm.hex"
   text	   data	    bss	    dec	    hex	filename
   9028	     28	   1748	  10804	   2a34	Midterm.elf
Finished building: default.size.stdout
 
Finished building: Midterm.hex
 
Finished building: Midterm.list
 
12:28:45 **** Incremental Build of configuration Debug for project Midterm ****
make -j8 all 
arm-none-eabi-gcc "../Core/Src/button.c" -mcpu=cortex-m3 -std=gnu11 -g3 -DDEBUG -DUSE_HAL_DRIVER -DSTM32F103x6 -c -I../Core/Inc -I../Drivers/STM32F1xx_HAL_Driver/Inc/Legacy -I../Drivers/STM32F1xx_HAL_Driver/Inc -I../Drivers/CMSIS/Device/ST/STM32F1xx/Include -I../Drivers/CMSIS/Include -O0 -ffunction-sections -fdata-sections -Wall -fstack-usage -MMD -MP -MF"Core/Src/button.d" -MT"Core/Src/button.o" --specs=nano.specs -mfloat-abi=soft -mthumb -o "Core/Src/button.o"
../Core/Src/button.c: In function 'getKeyInput':
../Core/Src/button.c:87:1: error: expected declaration or statement at end of input
   87 | }
      | ^
make: *** [Core/Src/subdir.mk:49: Core/Src/button.o] Error 1
"make -j8 all" terminated with exit code 2. Build might be incomplete.
12:29:03 **** Incremental Build of configuration Debug for project Midterm ****
make -j8 all 
arm-none-eabi-gcc "../Core/Src/button.c" -mcpu=cortex-m3 -std=gnu11 -g3 -DDEBUG -DUSE_HAL_DRIVER -DSTM32F103x6 -c -I../Core/Inc -I../Drivers/STM32F1xx_HAL_Driver/Inc/Legacy -I../Drivers/STM32F1xx_HAL_Driver/Inc -I../Drivers/CMSIS/Device/ST/STM32F1xx/Include -I../Drivers/CMSIS/Include -O0 -ffunction-sections -fdata-sections -Wall -fstack-usage -MMD -MP -MF"Core/Src/button.d" -MT"Core/Src/button.o" --specs=nano.specs -mfloat-abi=soft -mthumb -o "Core/Src/button.o"
arm-none-eabi-gcc -o "Midterm.elf" @"objects.list"   -mcpu=cortex-m3 -T"D:\Microcontroller\Midterm\STM\Midterm\STM32F103C6UX_FLASH.ld" --specs=nosys.specs -Wl,-Map="Midterm.map" -Wl,--gc-sections -static --specs=nano.specs -mfloat-abi=soft -mthumb -Wl,--start-group -lc -lm -Wl,--end-group
Finished building target: Midterm.elf
 
arm-none-eabi-size   Midterm.elf 
arm-none-eabi-objdump -h -S  Midterm.elf  > "Midterm.list"
arm-none-eabi-objcopy  -O ihex  Midterm.elf  "Midterm.hex"
   text	   data	    bss	    dec	    hex	filename
   9012	     28	   1748	  10788	   2a24	Midterm.elf
Finished building: default.size.stdout
 
Finished building: Midterm.hex
 
Finished building: Midterm.list
 
12:31:01 **** Incremental Build of configuration Debug for project Midterm ****
make -j8 all 
arm-none-eabi-gcc "../Core/Src/button.c" -mcpu=cortex-m3 -std=gnu11 -g3 -DDEBUG -DUSE_HAL_DRIVER -DSTM32F103x6 -c -I../Core/Inc -I../Drivers/STM32F1xx_HAL_Driver/Inc/Legacy -I../Drivers/STM32F1xx_HAL_Driver/Inc -I../Drivers/CMSIS/Device/ST/STM32F1xx/Include -I../Drivers/CMSIS/Include -O0 -ffunction-sections -fdata-sections -Wall -fstack-usage -MMD -MP -MF"Core/Src/button.d" -MT"Core/Src/button.o" --specs=nano.specs -mfloat-abi=soft -mthumb -o "Core/Src/button.o"
arm-none-eabi-gcc -o "Midterm.elf" @"objects.list"   -mcpu=cortex-m3 -T"D:\Microcontroller\Midterm\STM\Midterm\STM32F103C6UX_FLASH.ld" --specs=nosys.specs -Wl,-Map="Midterm.map" -Wl,--gc-sections -static --specs=nano.specs -mfloat-abi=soft -mthumb -Wl,--start-group -lc -lm -Wl,--end-group
Finished building target: Midterm.elf
 
arm-none-eabi-size   Midterm.elf 
arm-none-eabi-objdump -h -S  Midterm.elf  > "Midterm.list"
arm-none-eabi-objcopy  -O ihex  Midterm.elf  "Midterm.hex"
   text	   data	    bss	    dec	    hex	filename
   9028	     28	   1748	  10804	   2a34	Midterm.elf
Finished building: default.size.stdout
 
Finished building: Midterm.hex
 
Finished building: Midterm.list
 
12:31:04 **** Incremental Build of configuration Debug for project Midterm ****
make -j8 all 
arm-none-eabi-size   Midterm.elf 
   text	   data	    bss	    dec	    hex	filename
   9028	     28	   1748	  10804	   2a34	Midterm.elf
Finished building: default.size.stdout
 
12:31:42 **** Incremental Build of configuration Debug for project Midterm ****
make -j8 all 
arm-none-eabi-gcc "../Core/Src/button.c" -mcpu=cortex-m3 -std=gnu11 -g3 -DDEBUG -DUSE_HAL_DRIVER -DSTM32F103x6 -c -I../Core/Inc -I../Drivers/STM32F1xx_HAL_Driver/Inc/Legacy -I../Drivers/STM32F1xx_HAL_Driver/Inc -I../Drivers/CMSIS/Device/ST/STM32F1xx/Include -I../Drivers/CMSIS/Include -O0 -ffunction-sections -fdata-sections -Wall -fstack-usage -MMD -MP -MF"Core/Src/button.d" -MT"Core/Src/button.o" --specs=nano.specs -mfloat-abi=soft -mthumb -o "Core/Src/button.o"
arm-none-eabi-gcc -o "Midterm.elf" @"objects.list"   -mcpu=cortex-m3 -T"D:\Microcontroller\Midterm\STM\Midterm\STM32F103C6UX_FLASH.ld" --specs=nosys.specs -Wl,-Map="Midterm.map" -Wl,--gc-sections -static --specs=nano.specs -mfloat-abi=soft -mthumb -Wl,--start-group -lc -lm -Wl,--end-group
Finished building target: Midterm.elf
 
arm-none-eabi-size   Midterm.elf 
arm-none-eabi-objdump -h -S  Midterm.elf  > "Midterm.list"
arm-none-eabi-objcopy  -O ihex  Midterm.elf  "Midterm.hex"
   text	   data	    bss	    dec	    hex	filename
   9028	     28	   1748	  10804	   2a34	Midterm.elf
Finished building: default.size.stdout
 
Finished building: Midterm.hex
 
Finished building: Midterm.list
 
12:32:47 **** Incremental Build of configuration Debug for project Midterm ****
make -j8 all 
arm-none-eabi-size   Midterm.elf 
   text	   data	    bss	    dec	    hex	filename
   9028	     28	   1748	  10804	   2a34	Midterm.elf
Finished building: default.size.stdout
 
12:36:32 **** Incremental Build of configuration Debug for project Midterm ****
make -j8 all 
arm-none-eabi-gcc "../Core/Src/button.c" -mcpu=cortex-m3 -std=gnu11 -g3 -DDEBUG -DUSE_HAL_DRIVER -DSTM32F103x6 -c -I../Core/Inc -I../Drivers/STM32F1xx_HAL_Driver/Inc/Legacy -I../Drivers/STM32F1xx_HAL_Driver/Inc -I../Drivers/CMSIS/Device/ST/STM32F1xx/Include -I../Drivers/CMSIS/Include -O0 -ffunction-sections -fdata-sections -Wall -fstack-usage -MMD -MP -MF"Core/Src/button.d" -MT"Core/Src/button.o" --specs=nano.specs -mfloat-abi=soft -mthumb -o "Core/Src/button.o"
arm-none-eabi-gcc -o "Midterm.elf" @"objects.list"   -mcpu=cortex-m3 -T"D:\Microcontroller\Midterm\STM\Midterm\STM32F103C6UX_FLASH.ld" --specs=nosys.specs -Wl,-Map="Midterm.map" -Wl,--gc-sections -static --specs=nano.specs -mfloat-abi=soft -mthumb -Wl,--start-group -lc -lm -Wl,--end-group
Finished building target: Midterm.elf
 
arm-none-eabi-size   Midterm.elf 
arm-none-eabi-objdump -h -S  Midterm.elf  > "Midterm.list"
arm-none-eabi-objcopy  -O ihex  Midterm.elf  "Midterm.hex"
   text	   data	    bss	    dec	    hex	filename
   9048	     28	   1748	  10824	   2a48	Midterm.elf
Finished building: default.size.stdout
 
Finished building: Midterm.hex
 
Finished building: Midterm.list
 
12:38:34 **** Incremental Build of configuration Debug for project Midterm ****
make -j8 all 
arm-none-eabi-gcc "../Core/Src/button.c" -mcpu=cortex-m3 -std=gnu11 -g3 -DDEBUG -DUSE_HAL_DRIVER -DSTM32F103x6 -c -I../Core/Inc -I../Drivers/STM32F1xx_HAL_Driver/Inc/Legacy -I../Drivers/STM32F1xx_HAL_Driver/Inc -I../Drivers/CMSIS/Device/ST/STM32F1xx/Include -I../Drivers/CMSIS/Include -O0 -ffunction-sections -fdata-sections -Wall -fstack-usage -MMD -MP -MF"Core/Src/button.d" -MT"Core/Src/button.o" --specs=nano.specs -mfloat-abi=soft -mthumb -o "Core/Src/button.o"
arm-none-eabi-gcc -o "Midterm.elf" @"objects.list"   -mcpu=cortex-m3 -T"D:\Microcontroller\Midterm\STM\Midterm\STM32F103C6UX_FLASH.ld" --specs=nosys.specs -Wl,-Map="Midterm.map" -Wl,--gc-sections -static --specs=nano.specs -mfloat-abi=soft -mthumb -Wl,--start-group -lc -lm -Wl,--end-group
Finished building target: Midterm.elf
 
arm-none-eabi-size   Midterm.elf 
arm-none-eabi-objdump -h -S  Midterm.elf  > "Midterm.list"
arm-none-eabi-objcopy  -O ihex  Midterm.elf  "Midterm.hex"
   text	   data	    bss	    dec	    hex	filename
   9028	    100	   1676	  10804	   2a34	Midterm.elf
Finished building: default.size.stdout
 
Finished building: Midterm.hex
 
Finished building: Midterm.list
 
12:39:15 **** Incremental Build of configuration Debug for project Midterm ****
make -j8 all 
arm-none-eabi-gcc "../Core/Src/button.c" -mcpu=cortex-m3 -std=gnu11 -g3 -DDEBUG -DUSE_HAL_DRIVER -DSTM32F103x6 -c -I../Core/Inc -I../Drivers/STM32F1xx_HAL_Driver/Inc/Legacy -I../Drivers/STM32F1xx_HAL_Driver/Inc -I../Drivers/CMSIS/Device/ST/STM32F1xx/Include -I../Drivers/CMSIS/Include -O0 -ffunction-sections -fdata-sections -Wall -fstack-usage -MMD -MP -MF"Core/Src/button.d" -MT"Core/Src/button.o" --specs=nano.specs -mfloat-abi=soft -mthumb -o "Core/Src/button.o"
arm-none-eabi-gcc -o "Midterm.elf" @"objects.list"   -mcpu=cortex-m3 -T"D:\Microcontroller\Midterm\STM\Midterm\STM32F103C6UX_FLASH.ld" --specs=nosys.specs -Wl,-Map="Midterm.map" -Wl,--gc-sections -static --specs=nano.specs -mfloat-abi=soft -mthumb -Wl,--start-group -lc -lm -Wl,--end-group
Finished building target: Midterm.elf
 
arm-none-eabi-size   Midterm.elf 
arm-none-eabi-objdump -h -S  Midterm.elf  > "Midterm.list"
arm-none-eabi-objcopy  -O ihex  Midterm.elf  "Midterm.hex"
   text	   data	    bss	    dec	    hex	filename
   9028	     28	   1748	  10804	   2a34	Midterm.elf
Finished building: default.size.stdout
 
Finished building: Midterm.hex
 
Finished building: Midterm.list
 
12:41:23 **** Incremental Build of configuration Debug for project Midterm ****
make -j8 all 
arm-none-eabi-gcc "../Core/Src/button.c" -mcpu=cortex-m3 -std=gnu11 -g3 -DDEBUG -DUSE_HAL_DRIVER -DSTM32F103x6 -c -I../Core/Inc -I../Drivers/STM32F1xx_HAL_Driver/Inc/Legacy -I../Drivers/STM32F1xx_HAL_Driver/Inc -I../Drivers/CMSIS/Device/ST/STM32F1xx/Include -I../Drivers/CMSIS/Include -O0 -ffunction-sections -fdata-sections -Wall -fstack-usage -MMD -MP -MF"Core/Src/button.d" -MT"Core/Src/button.o" --specs=nano.specs -mfloat-abi=soft -mthumb -o "Core/Src/button.o"
arm-none-eabi-gcc "../Core/Src/display7SEG.c" -mcpu=cortex-m3 -std=gnu11 -g3 -DDEBUG -DUSE_HAL_DRIVER -DSTM32F103x6 -c -I../Core/Inc -I../Drivers/STM32F1xx_HAL_Driver/Inc/Legacy -I../Drivers/STM32F1xx_HAL_Driver/Inc -I../Drivers/CMSIS/Device/ST/STM32F1xx/Include -I../Drivers/CMSIS/Include -O0 -ffunction-sections -fdata-sections -Wall -fstack-usage -MMD -MP -MF"Core/Src/display7SEG.d" -MT"Core/Src/display7SEG.o" --specs=nano.specs -mfloat-abi=soft -mthumb -o "Core/Src/display7SEG.o"
arm-none-eabi-gcc "../Core/Src/fsm_normal.c" -mcpu=cortex-m3 -std=gnu11 -g3 -DDEBUG -DUSE_HAL_DRIVER -DSTM32F103x6 -c -I../Core/Inc -I../Drivers/STM32F1xx_HAL_Driver/Inc/Legacy -I../Drivers/STM32F1xx_HAL_Driver/Inc -I../Drivers/CMSIS/Device/ST/STM32F1xx/Include -I../Drivers/CMSIS/Include -O0 -ffunction-sections -fdata-sections -Wall -fstack-usage -MMD -MP -MF"Core/Src/fsm_normal.d" -MT"Core/Src/fsm_normal.o" --specs=nano.specs -mfloat-abi=soft -mthumb -o "Core/Src/fsm_normal.o"
arm-none-eabi-gcc "../Core/Src/global.c" -mcpu=cortex-m3 -std=gnu11 -g3 -DDEBUG -DUSE_HAL_DRIVER -DSTM32F103x6 -c -I../Core/Inc -I../Drivers/STM32F1xx_HAL_Driver/Inc/Legacy -I../Drivers/STM32F1xx_HAL_Driver/Inc -I../Drivers/CMSIS/Device/ST/STM32F1xx/Include -I../Drivers/CMSIS/Include -O0 -ffunction-sections -fdata-sections -Wall -fstack-usage -MMD -MP -MF"Core/Src/global.d" -MT"Core/Src/global.o" --specs=nano.specs -mfloat-abi=soft -mthumb -o "Core/Src/global.o"
arm-none-eabi-gcc "../Core/Src/main.c" -mcpu=cortex-m3 -std=gnu11 -g3 -DDEBUG -DUSE_HAL_DRIVER -DSTM32F103x6 -c -I../Core/Inc -I../Drivers/STM32F1xx_HAL_Driver/Inc/Legacy -I../Drivers/STM32F1xx_HAL_Driver/Inc -I../Drivers/CMSIS/Device/ST/STM32F1xx/Include -I../Drivers/CMSIS/Include -O0 -ffunction-sections -fdata-sections -Wall -fstack-usage -MMD -MP -MF"Core/Src/main.d" -MT"Core/Src/main.o" --specs=nano.specs -mfloat-abi=soft -mthumb -o "Core/Src/main.o"
arm-none-eabi-gcc -o "Midterm.elf" @"objects.list"   -mcpu=cortex-m3 -T"D:\Microcontroller\Midterm\STM\Midterm\STM32F103C6UX_FLASH.ld" --specs=nosys.specs -Wl,-Map="Midterm.map" -Wl,--gc-sections -static --specs=nano.specs -mfloat-abi=soft -mthumb -Wl,--start-group -lc -lm -Wl,--end-group
Finished building target: Midterm.elf
 
arm-none-eabi-size   Midterm.elf 
arm-none-eabi-objdump -h -S  Midterm.elf  > "Midterm.list"
arm-none-eabi-objcopy  -O ihex  Midterm.elf  "Midterm.hex"
   text	   data	    bss	    dec	    hex	filename
   9028	     28	   1748	  10804	   2a34	Midterm.elf
Finished building: default.size.stdout
 
Finished building: Midterm.hex
 
Finished building: Midterm.list
 
12:44:34 **** Incremental Build of configuration Debug for project Midterm ****
make -j8 all 
arm-none-eabi-gcc "../Core/Src/button.c" -mcpu=cortex-m3 -std=gnu11 -g3 -DDEBUG -DUSE_HAL_DRIVER -DSTM32F103x6 -c -I../Core/Inc -I../Drivers/STM32F1xx_HAL_Driver/Inc/Legacy -I../Drivers/STM32F1xx_HAL_Driver/Inc -I../Drivers/CMSIS/Device/ST/STM32F1xx/Include -I../Drivers/CMSIS/Include -O0 -ffunction-sections -fdata-sections -Wall -fstack-usage -MMD -MP -MF"Core/Src/button.d" -MT"Core/Src/button.o" --specs=nano.specs -mfloat-abi=soft -mthumb -o "Core/Src/button.o"
arm-none-eabi-gcc "../Core/Src/display7SEG.c" -mcpu=cortex-m3 -std=gnu11 -g3 -DDEBUG -DUSE_HAL_DRIVER -DSTM32F103x6 -c -I../Core/Inc -I../Drivers/STM32F1xx_HAL_Driver/Inc/Legacy -I../Drivers/STM32F1xx_HAL_Driver/Inc -I../Drivers/CMSIS/Device/ST/STM32F1xx/Include -I../Drivers/CMSIS/Include -O0 -ffunction-sections -fdata-sections -Wall -fstack-usage -MMD -MP -MF"Core/Src/display7SEG.d" -MT"Core/Src/display7SEG.o" --specs=nano.specs -mfloat-abi=soft -mthumb -o "Core/Src/display7SEG.o"
arm-none-eabi-gcc "../Core/Src/fsm_normal.c" -mcpu=cortex-m3 -std=gnu11 -g3 -DDEBUG -DUSE_HAL_DRIVER -DSTM32F103x6 -c -I../Core/Inc -I../Drivers/STM32F1xx_HAL_Driver/Inc/Legacy -I../Drivers/STM32F1xx_HAL_Driver/Inc -I../Drivers/CMSIS/Device/ST/STM32F1xx/Include -I../Drivers/CMSIS/Include -O0 -ffunction-sections -fdata-sections -Wall -fstack-usage -MMD -MP -MF"Core/Src/fsm_normal.d" -MT"Core/Src/fsm_normal.o" --specs=nano.specs -mfloat-abi=soft -mthumb -o "Core/Src/fsm_normal.o"
arm-none-eabi-gcc "../Core/Src/global.c" -mcpu=cortex-m3 -std=gnu11 -g3 -DDEBUG -DUSE_HAL_DRIVER -DSTM32F103x6 -c -I../Core/Inc -I../Drivers/STM32F1xx_HAL_Driver/Inc/Legacy -I../Drivers/STM32F1xx_HAL_Driver/Inc -I../Drivers/CMSIS/Device/ST/STM32F1xx/Include -I../Drivers/CMSIS/Include -O0 -ffunction-sections -fdata-sections -Wall -fstack-usage -MMD -MP -MF"Core/Src/global.d" -MT"Core/Src/global.o" --specs=nano.specs -mfloat-abi=soft -mthumb -o "Core/Src/global.o"
arm-none-eabi-gcc "../Core/Src/main.c" -mcpu=cortex-m3 -std=gnu11 -g3 -DDEBUG -DUSE_HAL_DRIVER -DSTM32F103x6 -c -I../Core/Inc -I../Drivers/STM32F1xx_HAL_Driver/Inc/Legacy -I../Drivers/STM32F1xx_HAL_Driver/Inc -I../Drivers/CMSIS/Device/ST/STM32F1xx/Include -I../Drivers/CMSIS/Include -O0 -ffunction-sections -fdata-sections -Wall -fstack-usage -MMD -MP -MF"Core/Src/main.d" -MT"Core/Src/main.o" --specs=nano.specs -mfloat-abi=soft -mthumb -o "Core/Src/main.o"
../Core/Src/button.c: In function 'getKeyInput':
../Core/Src/button.c:70:10: error: 'flag' undeclared (first use in this function)
   70 |      if (flag == 1) {
      |          ^~~~
../Core/Src/button.c:70:10: note: each undeclared identifier is reported only once for each function it appears in
make: *** [Core/Src/subdir.mk:49: Core/Src/button.o] Error 1
make: *** Waiting for unfinished jobs....
"make -j8 all" terminated with exit code 2. Build might be incomplete.
12:45:45 **** Incremental Build of configuration Debug for project Midterm ****
make -j8 all 
arm-none-eabi-gcc "../Core/Src/button.c" -mcpu=cortex-m3 -std=gnu11 -g3 -DDEBUG -DUSE_HAL_DRIVER -DSTM32F103x6 -c -I../Core/Inc -I../Drivers/STM32F1xx_HAL_Driver/Inc/Legacy -I../Drivers/STM32F1xx_HAL_Driver/Inc -I../Drivers/CMSIS/Device/ST/STM32F1xx/Include -I../Drivers/CMSIS/Include -O0 -ffunction-sections -fdata-sections -Wall -fstack-usage -MMD -MP -MF"Core/Src/button.d" -MT"Core/Src/button.o" --specs=nano.specs -mfloat-abi=soft -mthumb -o "Core/Src/button.o"
../Core/Src/button.c: In function 'getKeyInput':
../Core/Src/button.c:88:11: error: assignment to expression with array type
   88 |      flag = 0;
      |           ^
make: *** [Core/Src/subdir.mk:49: Core/Src/button.o] Error 1
"make -j8 all" terminated with exit code 2. Build might be incomplete.
12:45:53 **** Incremental Build of configuration Debug for project Midterm ****
make -j8 all 
arm-none-eabi-gcc "../Core/Src/button.c" -mcpu=cortex-m3 -std=gnu11 -g3 -DDEBUG -DUSE_HAL_DRIVER -DSTM32F103x6 -c -I../Core/Inc -I../Drivers/STM32F1xx_HAL_Driver/Inc/Legacy -I../Drivers/STM32F1xx_HAL_Driver/Inc -I../Drivers/CMSIS/Device/ST/STM32F1xx/Include -I../Drivers/CMSIS/Include -O0 -ffunction-sections -fdata-sections -Wall -fstack-usage -MMD -MP -MF"Core/Src/button.d" -MT"Core/Src/button.o" --specs=nano.specs -mfloat-abi=soft -mthumb -o "Core/Src/button.o"
arm-none-eabi-gcc -o "Midterm.elf" @"objects.list"   -mcpu=cortex-m3 -T"D:\Microcontroller\Midterm\STM\Midterm\STM32F103C6UX_FLASH.ld" --specs=nosys.specs -Wl,-Map="Midterm.map" -Wl,--gc-sections -static --specs=nano.specs -mfloat-abi=soft -mthumb -Wl,--start-group -lc -lm -Wl,--end-group
Finished building target: Midterm.elf
 
arm-none-eabi-size   Midterm.elf 
arm-none-eabi-objdump -h -S  Midterm.elf  > "Midterm.list"
arm-none-eabi-objcopy  -O ihex  Midterm.elf  "Midterm.hex"
   text	   data	    bss	    dec	    hex	filename
   9052	     28	   1756	  10836	   2a54	Midterm.elf
Finished building: default.size.stdout
 
Finished building: Midterm.hex
 
Finished building: Midterm.list
 
13:18:12 **** Incremental Build of configuration Debug for project Midterm ****
make -j8 all 
arm-none-eabi-gcc "../Core/Src/fsm_normal.c" -mcpu=cortex-m3 -std=gnu11 -g3 -DDEBUG -DUSE_HAL_DRIVER -DSTM32F103x6 -c -I../Core/Inc -I../Drivers/STM32F1xx_HAL_Driver/Inc/Legacy -I../Drivers/STM32F1xx_HAL_Driver/Inc -I../Drivers/CMSIS/Device/ST/STM32F1xx/Include -I../Drivers/CMSIS/Include -O0 -ffunction-sections -fdata-sections -Wall -fstack-usage -MMD -MP -MF"Core/Src/fsm_normal.d" -MT"Core/Src/fsm_normal.o" --specs=nano.specs -mfloat-abi=soft -mthumb -o "Core/Src/fsm_normal.o"
../Core/Src/fsm_normal.c: In function 'checkWait':
../Core/Src/fsm_normal.c:14:17: error: expected ')' before '!' token
   14 |   if (countCheck !0)
      |      ~          ^~
      |                 )
../Core/Src/fsm_normal.c: In function 'fsm_simple_buttons_run':
../Core/Src/fsm_normal.c:53:24: warning: comparison between pointer and integer
   53 |   } else if (checkWait == 1) {
      |                        ^~
../Core/Src/fsm_normal.c:54:13: error: 'COUNT_DOWN' undeclared (first use in this function)
   54 |    status = COUNT_DOWN;
      |             ^~~~~~~~~~
../Core/Src/fsm_normal.c:54:13: note: each undeclared identifier is reported only once for each function it appears in
../Core/Src/fsm_normal.c:108:2: error: expected ':' or '...' before 'default'
  108 |  default:
      |  ^~~~~~~
../Core/Src/fsm_normal.c: In function 'checkWait':
../Core/Src/fsm_normal.c:24:1: warning: control reaches end of non-void function [-Wreturn-type]
   24 | }
      | ^
make: *** [Core/Src/subdir.mk:49: Core/Src/fsm_normal.o] Error 1
"make -j8 all" terminated with exit code 2. Build might be incomplete.
13:18:26 **** Incremental Build of configuration Debug for project Midterm ****
make -j8 all 
arm-none-eabi-gcc "../Core/Src/fsm_normal.c" -mcpu=cortex-m3 -std=gnu11 -g3 -DDEBUG -DUSE_HAL_DRIVER -DSTM32F103x6 -c -I../Core/Inc -I../Drivers/STM32F1xx_HAL_Driver/Inc/Legacy -I../Drivers/STM32F1xx_HAL_Driver/Inc -I../Drivers/CMSIS/Device/ST/STM32F1xx/Include -I../Drivers/CMSIS/Include -O0 -ffunction-sections -fdata-sections -Wall -fstack-usage -MMD -MP -MF"Core/Src/fsm_normal.d" -MT"Core/Src/fsm_normal.o" --specs=nano.specs -mfloat-abi=soft -mthumb -o "Core/Src/fsm_normal.o"
../Core/Src/fsm_normal.c: In function 'fsm_simple_buttons_run':
../Core/Src/fsm_normal.c:53:24: warning: comparison between pointer and integer
   53 |   } else if (checkWait == 1) {
      |                        ^~
../Core/Src/fsm_normal.c:54:13: error: 'COUNT_DOWN' undeclared (first use in this function)
   54 |    status = COUNT_DOWN;
      |             ^~~~~~~~~~
../Core/Src/fsm_normal.c:54:13: note: each undeclared identifier is reported only once for each function it appears in
../Core/Src/fsm_normal.c:108:2: error: expected ':' or '...' before 'default'
  108 |  default:
      |  ^~~~~~~
../Core/Src/fsm_normal.c: In function 'checkWait':
../Core/Src/fsm_normal.c:24:1: warning: control reaches end of non-void function [-Wreturn-type]
   24 | }
      | ^
make: *** [Core/Src/subdir.mk:49: Core/Src/fsm_normal.o] Error 1
"make -j8 all" terminated with exit code 2. Build might be incomplete.
13:18:36 **** Incremental Build of configuration Debug for project Midterm ****
make -j8 all 
arm-none-eabi-gcc "../Core/Src/fsm_normal.c" -mcpu=cortex-m3 -std=gnu11 -g3 -DDEBUG -DUSE_HAL_DRIVER -DSTM32F103x6 -c -I../Core/Inc -I../Drivers/STM32F1xx_HAL_Driver/Inc/Legacy -I../Drivers/STM32F1xx_HAL_Driver/Inc -I../Drivers/CMSIS/Device/ST/STM32F1xx/Include -I../Drivers/CMSIS/Include -O0 -ffunction-sections -fdata-sections -Wall -fstack-usage -MMD -MP -MF"Core/Src/fsm_normal.d" -MT"Core/Src/fsm_normal.o" --specs=nano.specs -mfloat-abi=soft -mthumb -o "Core/Src/fsm_normal.o"
../Core/Src/fsm_normal.c: In function 'fsm_simple_buttons_run':
../Core/Src/fsm_normal.c:54:13: error: 'COUNT_DOWN' undeclared (first use in this function)
   54 |    status = COUNT_DOWN;
      |             ^~~~~~~~~~
../Core/Src/fsm_normal.c:54:13: note: each undeclared identifier is reported only once for each function it appears in
../Core/Src/fsm_normal.c:108:2: error: expected ':' or '...' before 'default'
  108 |  default:
      |  ^~~~~~~
../Core/Src/fsm_normal.c: In function 'checkWait':
../Core/Src/fsm_normal.c:24:1: warning: control reaches end of non-void function [-Wreturn-type]
   24 | }
      | ^
make: *** [Core/Src/subdir.mk:49: Core/Src/fsm_normal.o] Error 1
"make -j8 all" terminated with exit code 2. Build might be incomplete.
13:18:47 **** Incremental Build of configuration Debug for project Midterm ****
make -j8 all 
arm-none-eabi-gcc "../Core/Src/fsm_normal.c" -mcpu=cortex-m3 -std=gnu11 -g3 -DDEBUG -DUSE_HAL_DRIVER -DSTM32F103x6 -c -I../Core/Inc -I../Drivers/STM32F1xx_HAL_Driver/Inc/Legacy -I../Drivers/STM32F1xx_HAL_Driver/Inc -I../Drivers/CMSIS/Device/ST/STM32F1xx/Include -I../Drivers/CMSIS/Include -O0 -ffunction-sections -fdata-sections -Wall -fstack-usage -MMD -MP -MF"Core/Src/fsm_normal.d" -MT"Core/Src/fsm_normal.o" --specs=nano.specs -mfloat-abi=soft -mthumb -o "Core/Src/fsm_normal.o"
../Core/Src/fsm_normal.c: In function 'fsm_simple_buttons_run':
../Core/Src/fsm_normal.c:54:13: error: 'COUNT_DOWN' undeclared (first use in this function)
   54 |    status = COUNT_DOWN;
      |             ^~~~~~~~~~
../Core/Src/fsm_normal.c:54:13: note: each undeclared identifier is reported only once for each function it appears in
../Core/Src/fsm_normal.c: In function 'checkWait':
../Core/Src/fsm_normal.c:24:1: warning: control reaches end of non-void function [-Wreturn-type]
   24 | }
      | ^
make: *** [Core/Src/subdir.mk:49: Core/Src/fsm_normal.o] Error 1
"make -j8 all" terminated with exit code 2. Build might be incomplete.
13:18:53 **** Incremental Build of configuration Debug for project Midterm ****
make -j8 all 
arm-none-eabi-gcc "../Core/Src/fsm_normal.c" -mcpu=cortex-m3 -std=gnu11 -g3 -DDEBUG -DUSE_HAL_DRIVER -DSTM32F103x6 -c -I../Core/Inc -I../Drivers/STM32F1xx_HAL_Driver/Inc/Legacy -I../Drivers/STM32F1xx_HAL_Driver/Inc -I../Drivers/CMSIS/Device/ST/STM32F1xx/Include -I../Drivers/CMSIS/Include -O0 -ffunction-sections -fdata-sections -Wall -fstack-usage -MMD -MP -MF"Core/Src/fsm_normal.d" -MT"Core/Src/fsm_normal.o" --specs=nano.specs -mfloat-abi=soft -mthumb -o "Core/Src/fsm_normal.o"
../Core/Src/fsm_normal.c: In function 'fsm_simple_buttons_run':
../Core/Src/fsm_normal.c:54:13: error: 'COUNT_DOWN' undeclared (first use in this function)
   54 |    status = COUNT_DOWN;
      |             ^~~~~~~~~~
../Core/Src/fsm_normal.c:54:13: note: each undeclared identifier is reported only once for each function it appears in
../Core/Src/fsm_normal.c: In function 'checkWait':
../Core/Src/fsm_normal.c:24:1: warning: control reaches end of non-void function [-Wreturn-type]
   24 | }
      | ^
make: *** [Core/Src/subdir.mk:49: Core/Src/fsm_normal.o] Error 1
"make -j8 all" terminated with exit code 2. Build might be incomplete.
13:19:27 **** Incremental Build of configuration Debug for project Midterm ****
make -j8 all 
arm-none-eabi-gcc "../Core/Src/button.c" -mcpu=cortex-m3 -std=gnu11 -g3 -DDEBUG -DUSE_HAL_DRIVER -DSTM32F103x6 -c -I../Core/Inc -I../Drivers/STM32F1xx_HAL_Driver/Inc/Legacy -I../Drivers/STM32F1xx_HAL_Driver/Inc -I../Drivers/CMSIS/Device/ST/STM32F1xx/Include -I../Drivers/CMSIS/Include -O0 -ffunction-sections -fdata-sections -Wall -fstack-usage -MMD -MP -MF"Core/Src/button.d" -MT"Core/Src/button.o" --specs=nano.specs -mfloat-abi=soft -mthumb -o "Core/Src/button.o"
arm-none-eabi-gcc "../Core/Src/display7SEG.c" -mcpu=cortex-m3 -std=gnu11 -g3 -DDEBUG -DUSE_HAL_DRIVER -DSTM32F103x6 -c -I../Core/Inc -I../Drivers/STM32F1xx_HAL_Driver/Inc/Legacy -I../Drivers/STM32F1xx_HAL_Driver/Inc -I../Drivers/CMSIS/Device/ST/STM32F1xx/Include -I../Drivers/CMSIS/Include -O0 -ffunction-sections -fdata-sections -Wall -fstack-usage -MMD -MP -MF"Core/Src/display7SEG.d" -MT"Core/Src/display7SEG.o" --specs=nano.specs -mfloat-abi=soft -mthumb -o "Core/Src/display7SEG.o"
arm-none-eabi-gcc "../Core/Src/fsm_normal.c" -mcpu=cortex-m3 -std=gnu11 -g3 -DDEBUG -DUSE_HAL_DRIVER -DSTM32F103x6 -c -I../Core/Inc -I../Drivers/STM32F1xx_HAL_Driver/Inc/Legacy -I../Drivers/STM32F1xx_HAL_Driver/Inc -I../Drivers/CMSIS/Device/ST/STM32F1xx/Include -I../Drivers/CMSIS/Include -O0 -ffunction-sections -fdata-sections -Wall -fstack-usage -MMD -MP -MF"Core/Src/fsm_normal.d" -MT"Core/Src/fsm_normal.o" --specs=nano.specs -mfloat-abi=soft -mthumb -o "Core/Src/fsm_normal.o"
arm-none-eabi-gcc "../Core/Src/global.c" -mcpu=cortex-m3 -std=gnu11 -g3 -DDEBUG -DUSE_HAL_DRIVER -DSTM32F103x6 -c -I../Core/Inc -I../Drivers/STM32F1xx_HAL_Driver/Inc/Legacy -I../Drivers/STM32F1xx_HAL_Driver/Inc -I../Drivers/CMSIS/Device/ST/STM32F1xx/Include -I../Drivers/CMSIS/Include -O0 -ffunction-sections -fdata-sections -Wall -fstack-usage -MMD -MP -MF"Core/Src/global.d" -MT"Core/Src/global.o" --specs=nano.specs -mfloat-abi=soft -mthumb -o "Core/Src/global.o"
arm-none-eabi-gcc "../Core/Src/main.c" -mcpu=cortex-m3 -std=gnu11 -g3 -DDEBUG -DUSE_HAL_DRIVER -DSTM32F103x6 -c -I../Core/Inc -I../Drivers/STM32F1xx_HAL_Driver/Inc/Legacy -I../Drivers/STM32F1xx_HAL_Driver/Inc -I../Drivers/CMSIS/Device/ST/STM32F1xx/Include -I../Drivers/CMSIS/Include -O0 -ffunction-sections -fdata-sections -Wall -fstack-usage -MMD -MP -MF"Core/Src/main.d" -MT"Core/Src/main.o" --specs=nano.specs -mfloat-abi=soft -mthumb -o "Core/Src/main.o"
../Core/Src/fsm_normal.c: In function 'checkWait':
../Core/Src/fsm_normal.c:24:1: warning: control reaches end of non-void function [-Wreturn-type]
   24 | }
      | ^
arm-none-eabi-gcc -o "Midterm.elf" @"objects.list"   -mcpu=cortex-m3 -T"D:\Microcontroller\Midterm\STM\Midterm\STM32F103C6UX_FLASH.ld" --specs=nosys.specs -Wl,-Map="Midterm.map" -Wl,--gc-sections -static --specs=nano.specs -mfloat-abi=soft -mthumb -Wl,--start-group -lc -lm -Wl,--end-group
Finished building target: Midterm.elf
 
arm-none-eabi-size   Midterm.elf 
arm-none-eabi-objdump -h -S  Midterm.elf  > "Midterm.list"
arm-none-eabi-objcopy  -O ihex  Midterm.elf  "Midterm.hex"
   text	   data	    bss	    dec	    hex	filename
   9204	     32	   1760	  10996	   2af4	Midterm.elf
Finished building: default.size.stdout
 
Finished building: Midterm.hex
 
Finished building: Midterm.list
 
13:21:51 **** Incremental Build of configuration Debug for project Midterm ****
make -j8 all 
arm-none-eabi-gcc "../Core/Src/fsm_normal.c" -mcpu=cortex-m3 -std=gnu11 -g3 -DDEBUG -DUSE_HAL_DRIVER -DSTM32F103x6 -c -I../Core/Inc -I../Drivers/STM32F1xx_HAL_Driver/Inc/Legacy -I../Drivers/STM32F1xx_HAL_Driver/Inc -I../Drivers/CMSIS/Device/ST/STM32F1xx/Include -I../Drivers/CMSIS/Include -O0 -ffunction-sections -fdata-sections -Wall -fstack-usage -MMD -MP -MF"Core/Src/fsm_normal.d" -MT"Core/Src/fsm_normal.o" --specs=nano.specs -mfloat-abi=soft -mthumb -o "Core/Src/fsm_normal.o"
arm-none-eabi-gcc -o "Midterm.elf" @"objects.list"   -mcpu=cortex-m3 -T"D:\Microcontroller\Midterm\STM\Midterm\STM32F103C6UX_FLASH.ld" --specs=nosys.specs -Wl,-Map="Midterm.map" -Wl,--gc-sections -static --specs=nano.specs -mfloat-abi=soft -mthumb -Wl,--start-group -lc -lm -Wl,--end-group
Finished building target: Midterm.elf
 
arm-none-eabi-size   Midterm.elf 
arm-none-eabi-objdump -h -S  Midterm.elf  > "Midterm.list"
arm-none-eabi-objcopy  -O ihex  Midterm.elf  "Midterm.hex"
   text	   data	    bss	    dec	    hex	filename
   9208	     28	   1764	  11000	   2af8	Midterm.elf
Finished building: default.size.stdout
 
Finished building: Midterm.hex
 
Finished building: Midterm.list
 
13:24:18 **** Incremental Build of configuration Debug for project Midterm ****
make -j8 all 
arm-none-eabi-gcc "../Core/Src/fsm_normal.c" -mcpu=cortex-m3 -std=gnu11 -g3 -DDEBUG -DUSE_HAL_DRIVER -DSTM32F103x6 -c -I../Core/Inc -I../Drivers/STM32F1xx_HAL_Driver/Inc/Legacy -I../Drivers/STM32F1xx_HAL_Driver/Inc -I../Drivers/CMSIS/Device/ST/STM32F1xx/Include -I../Drivers/CMSIS/Include -O0 -ffunction-sections -fdata-sections -Wall -fstack-usage -MMD -MP -MF"Core/Src/fsm_normal.d" -MT"Core/Src/fsm_normal.o" --specs=nano.specs -mfloat-abi=soft -mthumb -o "Core/Src/fsm_normal.o"
arm-none-eabi-gcc -o "Midterm.elf" @"objects.list"   -mcpu=cortex-m3 -T"D:\Microcontroller\Midterm\STM\Midterm\STM32F103C6UX_FLASH.ld" --specs=nosys.specs -Wl,-Map="Midterm.map" -Wl,--gc-sections -static --specs=nano.specs -mfloat-abi=soft -mthumb -Wl,--start-group -lc -lm -Wl,--end-group
Finished building target: Midterm.elf
 
arm-none-eabi-size   Midterm.elf 
arm-none-eabi-objdump -h -S  Midterm.elf  > "Midterm.list"
arm-none-eabi-objcopy  -O ihex  Midterm.elf  "Midterm.hex"
   text	   data	    bss	    dec	    hex	filename
   9524	     28	   1764	  11316	   2c34	Midterm.elf
Finished building: default.size.stdout
 
Finished building: Midterm.hex
 
Finished building: Midterm.list
 
13:26:00 **** Incremental Build of configuration Debug for project Midterm ****
make -j8 all 
arm-none-eabi-gcc "../Core/Src/fsm_normal.c" -mcpu=cortex-m3 -std=gnu11 -g3 -DDEBUG -DUSE_HAL_DRIVER -DSTM32F103x6 -c -I../Core/Inc -I../Drivers/STM32F1xx_HAL_Driver/Inc/Legacy -I../Drivers/STM32F1xx_HAL_Driver/Inc -I../Drivers/CMSIS/Device/ST/STM32F1xx/Include -I../Drivers/CMSIS/Include -O0 -ffunction-sections -fdata-sections -Wall -fstack-usage -MMD -MP -MF"Core/Src/fsm_normal.d" -MT"Core/Src/fsm_normal.o" --specs=nano.specs -mfloat-abi=soft -mthumb -o "Core/Src/fsm_normal.o"
arm-none-eabi-gcc -o "Midterm.elf" @"objects.list"   -mcpu=cortex-m3 -T"D:\Microcontroller\Midterm\STM\Midterm\STM32F103C6UX_FLASH.ld" --specs=nosys.specs -Wl,-Map="Midterm.map" -Wl,--gc-sections -static --specs=nano.specs -mfloat-abi=soft -mthumb -Wl,--start-group -lc -lm -Wl,--end-group
Finished building target: Midterm.elf
 
arm-none-eabi-size   Midterm.elf 
arm-none-eabi-objdump -h -S  Midterm.elf  > "Midterm.list"
arm-none-eabi-objcopy  -O ihex  Midterm.elf  "Midterm.hex"
   text	   data	    bss	    dec	    hex	filename
   9052	     28	   1756	  10836	   2a54	Midterm.elf
Finished building: default.size.stdout
 
Finished building: Midterm.hex
 
Finished building: Midterm.list
 
13:39:22 **** Incremental Build of configuration Debug for project Midterm ****
make -j8 all 
arm-none-eabi-size   Midterm.elf 
   text	   data	    bss	    dec	    hex	filename
   9052	     28	   1756	  10836	   2a54	Midterm.elf
Finished building: default.size.stdout
 
13:42:13 **** Incremental Build of configuration Debug for project Midterm ****
make -j8 all 
arm-none-eabi-gcc "../Core/Src/fsm_normal.c" -mcpu=cortex-m3 -std=gnu11 -g3 -DDEBUG -DUSE_HAL_DRIVER -DSTM32F103x6 -c -I../Core/Inc -I../Drivers/STM32F1xx_HAL_Driver/Inc/Legacy -I../Drivers/STM32F1xx_HAL_Driver/Inc -I../Drivers/CMSIS/Device/ST/STM32F1xx/Include -I../Drivers/CMSIS/Include -O0 -ffunction-sections -fdata-sections -Wall -fstack-usage -MMD -MP -MF"Core/Src/fsm_normal.d" -MT"Core/Src/fsm_normal.o" --specs=nano.specs -mfloat-abi=soft -mthumb -o "Core/Src/fsm_normal.o"
arm-none-eabi-gcc -o "Midterm.elf" @"objects.list"   -mcpu=cortex-m3 -T"D:\Microcontroller\Midterm\STM\Midterm\STM32F103C6UX_FLASH.ld" --specs=nosys.specs -Wl,-Map="Midterm.map" -Wl,--gc-sections -static --specs=nano.specs -mfloat-abi=soft -mthumb -Wl,--start-group -lc -lm -Wl,--end-group
Finished building target: Midterm.elf
 
arm-none-eabi-size   Midterm.elf 
arm-none-eabi-objdump -h -S  Midterm.elf  > "Midterm.list"
arm-none-eabi-objcopy  -O ihex  Midterm.elf  "Midterm.hex"
   text	   data	    bss	    dec	    hex	filename
   9124	     28	   1756	  10908	   2a9c	Midterm.elf
Finished building: default.size.stdout
 
Finished building: Midterm.hex
 
Finished building: Midterm.list
 
13:42:17 **** Incremental Build of configuration Debug for project Midterm ****
make -j8 all 
arm-none-eabi-gcc "../Core/Src/fsm_normal.c" -mcpu=cortex-m3 -std=gnu11 -g3 -DDEBUG -DUSE_HAL_DRIVER -DSTM32F103x6 -c -I../Core/Inc -I../Drivers/STM32F1xx_HAL_Driver/Inc/Legacy -I../Drivers/STM32F1xx_HAL_Driver/Inc -I../Drivers/CMSIS/Device/ST/STM32F1xx/Include -I../Drivers/CMSIS/Include -O0 -ffunction-sections -fdata-sections -Wall -fstack-usage -MMD -MP -MF"Core/Src/fsm_normal.d" -MT"Core/Src/fsm_normal.o" --specs=nano.specs -mfloat-abi=soft -mthumb -o "Core/Src/fsm_normal.o"
arm-none-eabi-gcc -o "Midterm.elf" @"objects.list"   -mcpu=cortex-m3 -T"D:\Microcontroller\Midterm\STM\Midterm\STM32F103C6UX_FLASH.ld" --specs=nosys.specs -Wl,-Map="Midterm.map" -Wl,--gc-sections -static --specs=nano.specs -mfloat-abi=soft -mthumb -Wl,--start-group -lc -lm -Wl,--end-group
Finished building target: Midterm.elf
 
arm-none-eabi-size   Midterm.elf 
arm-none-eabi-objdump -h -S  Midterm.elf  > "Midterm.list"
arm-none-eabi-objcopy  -O ihex  Midterm.elf  "Midterm.hex"
   text	   data	    bss	    dec	    hex	filename
   9124	     28	   1756	  10908	   2a9c	Midterm.elf
Finished building: default.size.stdout
 
Finished building: Midterm.hex
 
Finished building: Midterm.list
 
13:43:59 **** Incremental Build of configuration Debug for project Midterm ****
make -j8 all 
arm-none-eabi-gcc "../Core/Src/fsm_normal.c" -mcpu=cortex-m3 -std=gnu11 -g3 -DDEBUG -DUSE_HAL_DRIVER -DSTM32F103x6 -c -I../Core/Inc -I../Drivers/STM32F1xx_HAL_Driver/Inc/Legacy -I../Drivers/STM32F1xx_HAL_Driver/Inc -I../Drivers/CMSIS/Device/ST/STM32F1xx/Include -I../Drivers/CMSIS/Include -O0 -ffunction-sections -fdata-sections -Wall -fstack-usage -MMD -MP -MF"Core/Src/fsm_normal.d" -MT"Core/Src/fsm_normal.o" --specs=nano.specs -mfloat-abi=soft -mthumb -o "Core/Src/fsm_normal.o"
arm-none-eabi-gcc "../Core/Src/main.c" -mcpu=cortex-m3 -std=gnu11 -g3 -DDEBUG -DUSE_HAL_DRIVER -DSTM32F103x6 -c -I../Core/Inc -I../Drivers/STM32F1xx_HAL_Driver/Inc/Legacy -I../Drivers/STM32F1xx_HAL_Driver/Inc -I../Drivers/CMSIS/Device/ST/STM32F1xx/Include -I../Drivers/CMSIS/Include -O0 -ffunction-sections -fdata-sections -Wall -fstack-usage -MMD -MP -MF"Core/Src/main.d" -MT"Core/Src/main.o" --specs=nano.specs -mfloat-abi=soft -mthumb -o "Core/Src/main.o"
arm-none-eabi-gcc -o "Midterm.elf" @"objects.list"   -mcpu=cortex-m3 -T"D:\Microcontroller\Midterm\STM\Midterm\STM32F103C6UX_FLASH.ld" --specs=nosys.specs -Wl,-Map="Midterm.map" -Wl,--gc-sections -static --specs=nano.specs -mfloat-abi=soft -mthumb -Wl,--start-group -lc -lm -Wl,--end-group
Finished building target: Midterm.elf
 
arm-none-eabi-size   Midterm.elf 
arm-none-eabi-objdump -h -S  Midterm.elf  > "Midterm.list"
arm-none-eabi-objcopy  -O ihex  Midterm.elf  "Midterm.hex"
   text	   data	    bss	    dec	    hex	filename
   9196	     28	   1756	  10980	   2ae4	Midterm.elf
Finished building: default.size.stdout
 
Finished building: Midterm.hex
 
Finished building: Midterm.list
 
13:45:05 **** Incremental Build of configuration Debug for project Midterm ****
make -j8 all 
arm-none-eabi-gcc "../Core/Src/fsm_normal.c" -mcpu=cortex-m3 -std=gnu11 -g3 -DDEBUG -DUSE_HAL_DRIVER -DSTM32F103x6 -c -I../Core/Inc -I../Drivers/STM32F1xx_HAL_Driver/Inc/Legacy -I../Drivers/STM32F1xx_HAL_Driver/Inc -I../Drivers/CMSIS/Device/ST/STM32F1xx/Include -I../Drivers/CMSIS/Include -O0 -ffunction-sections -fdata-sections -Wall -fstack-usage -MMD -MP -MF"Core/Src/fsm_normal.d" -MT"Core/Src/fsm_normal.o" --specs=nano.specs -mfloat-abi=soft -mthumb -o "Core/Src/fsm_normal.o"
arm-none-eabi-gcc "../Core/Src/main.c" -mcpu=cortex-m3 -std=gnu11 -g3 -DDEBUG -DUSE_HAL_DRIVER -DSTM32F103x6 -c -I../Core/Inc -I../Drivers/STM32F1xx_HAL_Driver/Inc/Legacy -I../Drivers/STM32F1xx_HAL_Driver/Inc -I../Drivers/CMSIS/Device/ST/STM32F1xx/Include -I../Drivers/CMSIS/Include -O0 -ffunction-sections -fdata-sections -Wall -fstack-usage -MMD -MP -MF"Core/Src/main.d" -MT"Core/Src/main.o" --specs=nano.specs -mfloat-abi=soft -mthumb -o "Core/Src/main.o"
arm-none-eabi-gcc -o "Midterm.elf" @"objects.list"   -mcpu=cortex-m3 -T"D:\Microcontroller\Midterm\STM\Midterm\STM32F103C6UX_FLASH.ld" --specs=nosys.specs -Wl,-Map="Midterm.map" -Wl,--gc-sections -static --specs=nano.specs -mfloat-abi=soft -mthumb -Wl,--start-group -lc -lm -Wl,--end-group
Finished building target: Midterm.elf
 
arm-none-eabi-size   Midterm.elf 
arm-none-eabi-objdump -h -S  Midterm.elf  > "Midterm.list"
arm-none-eabi-objcopy  -O ihex  Midterm.elf  "Midterm.hex"
   text	   data	    bss	    dec	    hex	filename
   9196	     28	   1756	  10980	   2ae4	Midterm.elf
Finished building: default.size.stdout
 
Finished building: Midterm.hex
 
Finished building: Midterm.list
 
13:50:00 **** Incremental Build of configuration Debug for project Midterm ****
make -j8 all 
arm-none-eabi-gcc "../Core/Src/fsm_normal.c" -mcpu=cortex-m3 -std=gnu11 -g3 -DDEBUG -DUSE_HAL_DRIVER -DSTM32F103x6 -c -I../Core/Inc -I../Drivers/STM32F1xx_HAL_Driver/Inc/Legacy -I../Drivers/STM32F1xx_HAL_Driver/Inc -I../Drivers/CMSIS/Device/ST/STM32F1xx/Include -I../Drivers/CMSIS/Include -O0 -ffunction-sections -fdata-sections -Wall -fstack-usage -MMD -MP -MF"Core/Src/fsm_normal.d" -MT"Core/Src/fsm_normal.o" --specs=nano.specs -mfloat-abi=soft -mthumb -o "Core/Src/fsm_normal.o"
arm-none-eabi-gcc "../Core/Src/main.c" -mcpu=cortex-m3 -std=gnu11 -g3 -DDEBUG -DUSE_HAL_DRIVER -DSTM32F103x6 -c -I../Core/Inc -I../Drivers/STM32F1xx_HAL_Driver/Inc/Legacy -I../Drivers/STM32F1xx_HAL_Driver/Inc -I../Drivers/CMSIS/Device/ST/STM32F1xx/Include -I../Drivers/CMSIS/Include -O0 -ffunction-sections -fdata-sections -Wall -fstack-usage -MMD -MP -MF"Core/Src/main.d" -MT"Core/Src/main.o" --specs=nano.specs -mfloat-abi=soft -mthumb -o "Core/Src/main.o"
arm-none-eabi-gcc -o "Midterm.elf" @"objects.list"   -mcpu=cortex-m3 -T"D:\Microcontroller\Midterm\STM\Midterm\STM32F103C6UX_FLASH.ld" --specs=nosys.specs -Wl,-Map="Midterm.map" -Wl,--gc-sections -static --specs=nano.specs -mfloat-abi=soft -mthumb -Wl,--start-group -lc -lm -Wl,--end-group
Finished building target: Midterm.elf
 
arm-none-eabi-size   Midterm.elf 
arm-none-eabi-objdump -h -S  Midterm.elf  > "Midterm.list"
arm-none-eabi-objcopy  -O ihex  Midterm.elf  "Midterm.hex"
   text	   data	    bss	    dec	    hex	filename
   9344	     28	   1756	  11128	   2b78	Midterm.elf
Finished building: default.size.stdout
 
Finished building: Midterm.hex
 
Finished building: Midterm.list
 
13:50:33 **** Incremental Build of configuration Debug for project Midterm ****
make -j8 all 
arm-none-eabi-gcc "../Core/Src/fsm_normal.c" -mcpu=cortex-m3 -std=gnu11 -g3 -DDEBUG -DUSE_HAL_DRIVER -DSTM32F103x6 -c -I../Core/Inc -I../Drivers/STM32F1xx_HAL_Driver/Inc/Legacy -I../Drivers/STM32F1xx_HAL_Driver/Inc -I../Drivers/CMSIS/Device/ST/STM32F1xx/Include -I../Drivers/CMSIS/Include -O0 -ffunction-sections -fdata-sections -Wall -fstack-usage -MMD -MP -MF"Core/Src/fsm_normal.d" -MT"Core/Src/fsm_normal.o" --specs=nano.specs -mfloat-abi=soft -mthumb -o "Core/Src/fsm_normal.o"
arm-none-eabi-gcc -o "Midterm.elf" @"objects.list"   -mcpu=cortex-m3 -T"D:\Microcontroller\Midterm\STM\Midterm\STM32F103C6UX_FLASH.ld" --specs=nosys.specs -Wl,-Map="Midterm.map" -Wl,--gc-sections -static --specs=nano.specs -mfloat-abi=soft -mthumb -Wl,--start-group -lc -lm -Wl,--end-group
Finished building target: Midterm.elf
 
arm-none-eabi-size   Midterm.elf 
arm-none-eabi-objdump -h -S  Midterm.elf  > "Midterm.list"
arm-none-eabi-objcopy  -O ihex  Midterm.elf  "Midterm.hex"
   text	   data	    bss	    dec	    hex	filename
   9352	     28	   1756	  11136	   2b80	Midterm.elf
Finished building: default.size.stdout
 
Finished building: Midterm.hex
 
Finished building: Midterm.list
 
13:51:11 **** Incremental Build of configuration Debug for project Midterm ****
make -j8 all 
arm-none-eabi-gcc "../Core/Src/fsm_normal.c" -mcpu=cortex-m3 -std=gnu11 -g3 -DDEBUG -DUSE_HAL_DRIVER -DSTM32F103x6 -c -I../Core/Inc -I../Drivers/STM32F1xx_HAL_Driver/Inc/Legacy -I../Drivers/STM32F1xx_HAL_Driver/Inc -I../Drivers/CMSIS/Device/ST/STM32F1xx/Include -I../Drivers/CMSIS/Include -O0 -ffunction-sections -fdata-sections -Wall -fstack-usage -MMD -MP -MF"Core/Src/fsm_normal.d" -MT"Core/Src/fsm_normal.o" --specs=nano.specs -mfloat-abi=soft -mthumb -o "Core/Src/fsm_normal.o"
arm-none-eabi-gcc -o "Midterm.elf" @"objects.list"   -mcpu=cortex-m3 -T"D:\Microcontroller\Midterm\STM\Midterm\STM32F103C6UX_FLASH.ld" --specs=nosys.specs -Wl,-Map="Midterm.map" -Wl,--gc-sections -static --specs=nano.specs -mfloat-abi=soft -mthumb -Wl,--start-group -lc -lm -Wl,--end-group
Finished building target: Midterm.elf
 
arm-none-eabi-size   Midterm.elf 
arm-none-eabi-objdump -h -S  Midterm.elf  > "Midterm.list"
arm-none-eabi-objcopy  -O ihex  Midterm.elf  "Midterm.hex"
   text	   data	    bss	    dec	    hex	filename
   9344	     28	   1756	  11128	   2b78	Midterm.elf
Finished building: default.size.stdout
 
Finished building: Midterm.hex
 
Finished building: Midterm.list
 
13:52:11 **** Incremental Build of configuration Debug for project Midterm ****
make -j8 all 
arm-none-eabi-gcc "../Core/Src/fsm_normal.c" -mcpu=cortex-m3 -std=gnu11 -g3 -DDEBUG -DUSE_HAL_DRIVER -DSTM32F103x6 -c -I../Core/Inc -I../Drivers/STM32F1xx_HAL_Driver/Inc/Legacy -I../Drivers/STM32F1xx_HAL_Driver/Inc -I../Drivers/CMSIS/Device/ST/STM32F1xx/Include -I../Drivers/CMSIS/Include -O0 -ffunction-sections -fdata-sections -Wall -fstack-usage -MMD -MP -MF"Core/Src/fsm_normal.d" -MT"Core/Src/fsm_normal.o" --specs=nano.specs -mfloat-abi=soft -mthumb -o "Core/Src/fsm_normal.o"
arm-none-eabi-gcc -o "Midterm.elf" @"objects.list"   -mcpu=cortex-m3 -T"D:\Microcontroller\Midterm\STM\Midterm\STM32F103C6UX_FLASH.ld" --specs=nosys.specs -Wl,-Map="Midterm.map" -Wl,--gc-sections -static --specs=nano.specs -mfloat-abi=soft -mthumb -Wl,--start-group -lc -lm -Wl,--end-group
Finished building target: Midterm.elf
 
arm-none-eabi-size   Midterm.elf 
arm-none-eabi-objdump -h -S  Midterm.elf  > "Midterm.list"
arm-none-eabi-objcopy  -O ihex  Midterm.elf  "Midterm.hex"
   text	   data	    bss	    dec	    hex	filename
   9360	     28	   1756	  11144	   2b88	Midterm.elf
Finished building: default.size.stdout
 
Finished building: Midterm.hex
 
Finished building: Midterm.list
 
14:02:13 **** Incremental Build of configuration Debug for project Midterm ****
make -j8 all 
arm-none-eabi-gcc "../Core/Src/fsm_normal.c" -mcpu=cortex-m3 -std=gnu11 -g3 -DDEBUG -DUSE_HAL_DRIVER -DSTM32F103x6 -c -I../Core/Inc -I../Drivers/STM32F1xx_HAL_Driver/Inc/Legacy -I../Drivers/STM32F1xx_HAL_Driver/Inc -I../Drivers/CMSIS/Device/ST/STM32F1xx/Include -I../Drivers/CMSIS/Include -O0 -ffunction-sections -fdata-sections -Wall -fstack-usage -MMD -MP -MF"Core/Src/fsm_normal.d" -MT"Core/Src/fsm_normal.o" --specs=nano.specs -mfloat-abi=soft -mthumb -o "Core/Src/fsm_normal.o"
arm-none-eabi-gcc -o "Midterm.elf" @"objects.list"   -mcpu=cortex-m3 -T"D:\Microcontroller\Midterm\STM\Midterm\STM32F103C6UX_FLASH.ld" --specs=nosys.specs -Wl,-Map="Midterm.map" -Wl,--gc-sections -static --specs=nano.specs -mfloat-abi=soft -mthumb -Wl,--start-group -lc -lm -Wl,--end-group
Finished building target: Midterm.elf
 
arm-none-eabi-size   Midterm.elf 
arm-none-eabi-objdump -h -S  Midterm.elf  > "Midterm.list"
arm-none-eabi-objcopy  -O ihex  Midterm.elf  "Midterm.hex"
   text	   data	    bss	    dec	    hex	filename
   9304	     28	   1756	  11088	   2b50	Midterm.elf
Finished building: default.size.stdout
 
Finished building: Midterm.hex
 
Finished building: Midterm.list
 
14:12:18 **** Incremental Build of configuration Debug for project Midterm ****
make -j8 all 
arm-none-eabi-gcc "../Core/Src/fsm_normal.c" -mcpu=cortex-m3 -std=gnu11 -g3 -DDEBUG -DUSE_HAL_DRIVER -DSTM32F103x6 -c -I../Core/Inc -I../Drivers/STM32F1xx_HAL_Driver/Inc/Legacy -I../Drivers/STM32F1xx_HAL_Driver/Inc -I../Drivers/CMSIS/Device/ST/STM32F1xx/Include -I../Drivers/CMSIS/Include -O0 -ffunction-sections -fdata-sections -Wall -fstack-usage -MMD -MP -MF"Core/Src/fsm_normal.d" -MT"Core/Src/fsm_normal.o" --specs=nano.specs -mfloat-abi=soft -mthumb -o "Core/Src/fsm_normal.o"
arm-none-eabi-gcc -o "Midterm.elf" @"objects.list"   -mcpu=cortex-m3 -T"D:\Microcontroller\Midterm\STM\Midterm\STM32F103C6UX_FLASH.ld" --specs=nosys.specs -Wl,-Map="Midterm.map" -Wl,--gc-sections -static --specs=nano.specs -mfloat-abi=soft -mthumb -Wl,--start-group -lc -lm -Wl,--end-group
Finished building target: Midterm.elf
 
arm-none-eabi-size   Midterm.elf 
arm-none-eabi-objdump -h -S  Midterm.elf  > "Midterm.list"
arm-none-eabi-objcopy  -O ihex  Midterm.elf  "Midterm.hex"
   text	   data	    bss	    dec	    hex	filename
   9796	     28	   1756	  11580	   2d3c	Midterm.elf
Finished building: default.size.stdout
 
Finished building: Midterm.hex
 
Finished building: Midterm.list
 
14:13:09 **** Incremental Build of configuration Debug for project Midterm ****
make -j8 all 
arm-none-eabi-gcc "../Core/Src/fsm_normal.c" -mcpu=cortex-m3 -std=gnu11 -g3 -DDEBUG -DUSE_HAL_DRIVER -DSTM32F103x6 -c -I../Core/Inc -I../Drivers/STM32F1xx_HAL_Driver/Inc/Legacy -I../Drivers/STM32F1xx_HAL_Driver/Inc -I../Drivers/CMSIS/Device/ST/STM32F1xx/Include -I../Drivers/CMSIS/Include -O0 -ffunction-sections -fdata-sections -Wall -fstack-usage -MMD -MP -MF"Core/Src/fsm_normal.d" -MT"Core/Src/fsm_normal.o" --specs=nano.specs -mfloat-abi=soft -mthumb -o "Core/Src/fsm_normal.o"
arm-none-eabi-gcc -o "Midterm.elf" @"objects.list"   -mcpu=cortex-m3 -T"D:\Microcontroller\Midterm\STM\Midterm\STM32F103C6UX_FLASH.ld" --specs=nosys.specs -Wl,-Map="Midterm.map" -Wl,--gc-sections -static --specs=nano.specs -mfloat-abi=soft -mthumb -Wl,--start-group -lc -lm -Wl,--end-group
Finished building target: Midterm.elf
 
arm-none-eabi-size   Midterm.elf 
arm-none-eabi-objdump -h -S  Midterm.elf  > "Midterm.list"
arm-none-eabi-objcopy  -O ihex  Midterm.elf  "Midterm.hex"
   text	   data	    bss	    dec	    hex	filename
   9796	     28	   1756	  11580	   2d3c	Midterm.elf
Finished building: default.size.stdout
 
Finished building: Midterm.hex
 
Finished building: Midterm.list
 
14:17:11 **** Incremental Build of configuration Debug for project Midterm ****
make -j8 all 
arm-none-eabi-size   Midterm.elf 
   text	   data	    bss	    dec	    hex	filename
   9796	     28	   1756	  11580	   2d3c	Midterm.elf
Finished building: default.size.stdout
 
14:17:14 **** Incremental Build of configuration Debug for project Midterm ****
make -j8 all 
arm-none-eabi-gcc "../Core/Src/fsm_normal.c" -mcpu=cortex-m3 -std=gnu11 -g3 -DDEBUG -DUSE_HAL_DRIVER -DSTM32F103x6 -c -I../Core/Inc -I../Drivers/STM32F1xx_HAL_Driver/Inc/Legacy -I../Drivers/STM32F1xx_HAL_Driver/Inc -I../Drivers/CMSIS/Device/ST/STM32F1xx/Include -I../Drivers/CMSIS/Include -O0 -ffunction-sections -fdata-sections -Wall -fstack-usage -MMD -MP -MF"Core/Src/fsm_normal.d" -MT"Core/Src/fsm_normal.o" --specs=nano.specs -mfloat-abi=soft -mthumb -o "Core/Src/fsm_normal.o"
arm-none-eabi-gcc -o "Midterm.elf" @"objects.list"   -mcpu=cortex-m3 -T"D:\Microcontroller\Midterm\STM\Midterm\STM32F103C6UX_FLASH.ld" --specs=nosys.specs -Wl,-Map="Midterm.map" -Wl,--gc-sections -static --specs=nano.specs -mfloat-abi=soft -mthumb -Wl,--start-group -lc -lm -Wl,--end-group
Finished building target: Midterm.elf
 
arm-none-eabi-size   Midterm.elf 
arm-none-eabi-objdump -h -S  Midterm.elf  > "Midterm.list"
arm-none-eabi-objcopy  -O ihex  Midterm.elf  "Midterm.hex"
   text	   data	    bss	    dec	    hex	filename
   9796	     28	   1756	  11580	   2d3c	Midterm.elf
Finished building: default.size.stdout
 
Finished building: Midterm.hex
 
Finished building: Midterm.list
 
14:17:49 **** Incremental Build of configuration Debug for project Midterm ****
make -j8 all 
arm-none-eabi-gcc "../Core/Src/fsm_normal.c" -mcpu=cortex-m3 -std=gnu11 -g3 -DDEBUG -DUSE_HAL_DRIVER -DSTM32F103x6 -c -I../Core/Inc -I../Drivers/STM32F1xx_HAL_Driver/Inc/Legacy -I../Drivers/STM32F1xx_HAL_Driver/Inc -I../Drivers/CMSIS/Device/ST/STM32F1xx/Include -I../Drivers/CMSIS/Include -O0 -ffunction-sections -fdata-sections -Wall -fstack-usage -MMD -MP -MF"Core/Src/fsm_normal.d" -MT"Core/Src/fsm_normal.o" --specs=nano.specs -mfloat-abi=soft -mthumb -o "Core/Src/fsm_normal.o"
arm-none-eabi-gcc -o "Midterm.elf" @"objects.list"   -mcpu=cortex-m3 -T"D:\Microcontroller\Midterm\STM\Midterm\STM32F103C6UX_FLASH.ld" --specs=nosys.specs -Wl,-Map="Midterm.map" -Wl,--gc-sections -static --specs=nano.specs -mfloat-abi=soft -mthumb -Wl,--start-group -lc -lm -Wl,--end-group
Finished building target: Midterm.elf
 
arm-none-eabi-size   Midterm.elf 
arm-none-eabi-objdump -h -S  Midterm.elf  > "Midterm.list"
arm-none-eabi-objcopy  -O ihex  Midterm.elf  "Midterm.hex"
   text	   data	    bss	    dec	    hex	filename
   9796	     28	   1756	  11580	   2d3c	Midterm.elf
Finished building: default.size.stdout
 
Finished building: Midterm.hex
 
Finished building: Midterm.list
 
14:19:49 **** Incremental Build of configuration Debug for project Midterm ****
make -j8 all 
arm-none-eabi-gcc "../Core/Src/fsm_normal.c" -mcpu=cortex-m3 -std=gnu11 -g3 -DDEBUG -DUSE_HAL_DRIVER -DSTM32F103x6 -c -I../Core/Inc -I../Drivers/STM32F1xx_HAL_Driver/Inc/Legacy -I../Drivers/STM32F1xx_HAL_Driver/Inc -I../Drivers/CMSIS/Device/ST/STM32F1xx/Include -I../Drivers/CMSIS/Include -O0 -ffunction-sections -fdata-sections -Wall -fstack-usage -MMD -MP -MF"Core/Src/fsm_normal.d" -MT"Core/Src/fsm_normal.o" --specs=nano.specs -mfloat-abi=soft -mthumb -o "Core/Src/fsm_normal.o"
arm-none-eabi-gcc -o "Midterm.elf" @"objects.list"   -mcpu=cortex-m3 -T"D:\Microcontroller\Midterm\STM\Midterm\STM32F103C6UX_FLASH.ld" --specs=nosys.specs -Wl,-Map="Midterm.map" -Wl,--gc-sections -static --specs=nano.specs -mfloat-abi=soft -mthumb -Wl,--start-group -lc -lm -Wl,--end-group
Finished building target: Midterm.elf
 
arm-none-eabi-size   Midterm.elf 
arm-none-eabi-objdump -h -S  Midterm.elf  > "Midterm.list"
arm-none-eabi-objcopy  -O ihex  Midterm.elf  "Midterm.hex"
   text	   data	    bss	    dec	    hex	filename
   9808	     28	   1756	  11592	   2d48	Midterm.elf
Finished building: default.size.stdout
 
Finished building: Midterm.hex
 
Finished building: Midterm.list
 
14:28:13 **** Incremental Build of configuration Debug for project Midterm ****
make -j8 all 
arm-none-eabi-gcc "../Core/Src/fsm_normal.c" -mcpu=cortex-m3 -std=gnu11 -g3 -DDEBUG -DUSE_HAL_DRIVER -DSTM32F103x6 -c -I../Core/Inc -I../Drivers/STM32F1xx_HAL_Driver/Inc/Legacy -I../Drivers/STM32F1xx_HAL_Driver/Inc -I../Drivers/CMSIS/Device/ST/STM32F1xx/Include -I../Drivers/CMSIS/Include -O0 -ffunction-sections -fdata-sections -Wall -fstack-usage -MMD -MP -MF"Core/Src/fsm_normal.d" -MT"Core/Src/fsm_normal.o" --specs=nano.specs -mfloat-abi=soft -mthumb -o "Core/Src/fsm_normal.o"
arm-none-eabi-gcc -o "Midterm.elf" @"objects.list"   -mcpu=cortex-m3 -T"D:\Microcontroller\Midterm\STM\Midterm\STM32F103C6UX_FLASH.ld" --specs=nosys.specs -Wl,-Map="Midterm.map" -Wl,--gc-sections -static --specs=nano.specs -mfloat-abi=soft -mthumb -Wl,--start-group -lc -lm -Wl,--end-group
Finished building target: Midterm.elf
 
arm-none-eabi-size   Midterm.elf 
arm-none-eabi-objdump -h -S  Midterm.elf  > "Midterm.list"
arm-none-eabi-objcopy  -O ihex  Midterm.elf  "Midterm.hex"
   text	   data	    bss	    dec	    hex	filename
   9808	     28	   1756	  11592	   2d48	Midterm.elf
Finished building: default.size.stdout
 
Finished building: Midterm.hex
 
Finished building: Midterm.list
 
14:28:19 **** Incremental Build of configuration Debug for project Midterm ****
make -j8 all 
arm-none-eabi-gcc "../Core/Src/fsm_normal.c" -mcpu=cortex-m3 -std=gnu11 -g3 -DDEBUG -DUSE_HAL_DRIVER -DSTM32F103x6 -c -I../Core/Inc -I../Drivers/STM32F1xx_HAL_Driver/Inc/Legacy -I../Drivers/STM32F1xx_HAL_Driver/Inc -I../Drivers/CMSIS/Device/ST/STM32F1xx/Include -I../Drivers/CMSIS/Include -O0 -ffunction-sections -fdata-sections -Wall -fstack-usage -MMD -MP -MF"Core/Src/fsm_normal.d" -MT"Core/Src/fsm_normal.o" --specs=nano.specs -mfloat-abi=soft -mthumb -o "Core/Src/fsm_normal.o"
arm-none-eabi-gcc -o "Midterm.elf" @"objects.list"   -mcpu=cortex-m3 -T"D:\Microcontroller\Midterm\STM\Midterm\STM32F103C6UX_FLASH.ld" --specs=nosys.specs -Wl,-Map="Midterm.map" -Wl,--gc-sections -static --specs=nano.specs -mfloat-abi=soft -mthumb -Wl,--start-group -lc -lm -Wl,--end-group
Finished building target: Midterm.elf
 
arm-none-eabi-size   Midterm.elf 
arm-none-eabi-objdump -h -S  Midterm.elf  > "Midterm.list"
arm-none-eabi-objcopy  -O ihex  Midterm.elf  "Midterm.hex"
   text	   data	    bss	    dec	    hex	filename
   9808	     28	   1756	  11592	   2d48	Midterm.elf
Finished building: default.size.stdout
 
Finished building: Midterm.hex
 
Finished building: Midterm.list
 
14:30:40 **** Incremental Build of configuration Debug for project Midterm ****
make -j8 all 
arm-none-eabi-size   Midterm.elf 
   text	   data	    bss	    dec	    hex	filename
   9808	     28	   1756	  11592	   2d48	Midterm.elf
Finished building: default.size.stdout
 
14:31:19 **** Incremental Build of configuration Debug for project Midterm ****
make -j8 all 
arm-none-eabi-gcc "../Core/Src/fsm_normal.c" -mcpu=cortex-m3 -std=gnu11 -g3 -DDEBUG -DUSE_HAL_DRIVER -DSTM32F103x6 -c -I../Core/Inc -I../Drivers/STM32F1xx_HAL_Driver/Inc/Legacy -I../Drivers/STM32F1xx_HAL_Driver/Inc -I../Drivers/CMSIS/Device/ST/STM32F1xx/Include -I../Drivers/CMSIS/Include -O0 -ffunction-sections -fdata-sections -Wall -fstack-usage -MMD -MP -MF"Core/Src/fsm_normal.d" -MT"Core/Src/fsm_normal.o" --specs=nano.specs -mfloat-abi=soft -mthumb -o "Core/Src/fsm_normal.o"
arm-none-eabi-gcc -o "Midterm.elf" @"objects.list"   -mcpu=cortex-m3 -T"D:\Microcontroller\Midterm\STM\Midterm\STM32F103C6UX_FLASH.ld" --specs=nosys.specs -Wl,-Map="Midterm.map" -Wl,--gc-sections -static --specs=nano.specs -mfloat-abi=soft -mthumb -Wl,--start-group -lc -lm -Wl,--end-group
Finished building target: Midterm.elf
 
arm-none-eabi-size   Midterm.elf 
arm-none-eabi-objdump -h -S  Midterm.elf  > "Midterm.list"
arm-none-eabi-objcopy  -O ihex  Midterm.elf  "Midterm.hex"
   text	   data	    bss	    dec	    hex	filename
   9808	     28	   1756	  11592	   2d48	Midterm.elf
Finished building: default.size.stdout
 
Finished building: Midterm.hex
 
Finished building: Midterm.list
 
14:32:23 **** Incremental Build of configuration Debug for project Midterm ****
make -j8 all 
arm-none-eabi-gcc "../Core/Src/fsm_normal.c" -mcpu=cortex-m3 -std=gnu11 -g3 -DDEBUG -DUSE_HAL_DRIVER -DSTM32F103x6 -c -I../Core/Inc -I../Drivers/STM32F1xx_HAL_Driver/Inc/Legacy -I../Drivers/STM32F1xx_HAL_Driver/Inc -I../Drivers/CMSIS/Device/ST/STM32F1xx/Include -I../Drivers/CMSIS/Include -O0 -ffunction-sections -fdata-sections -Wall -fstack-usage -MMD -MP -MF"Core/Src/fsm_normal.d" -MT"Core/Src/fsm_normal.o" --specs=nano.specs -mfloat-abi=soft -mthumb -o "Core/Src/fsm_normal.o"
arm-none-eabi-gcc -o "Midterm.elf" @"objects.list"   -mcpu=cortex-m3 -T"D:\Microcontroller\Midterm\STM\Midterm\STM32F103C6UX_FLASH.ld" --specs=nosys.specs -Wl,-Map="Midterm.map" -Wl,--gc-sections -static --specs=nano.specs -mfloat-abi=soft -mthumb -Wl,--start-group -lc -lm -Wl,--end-group
Finished building target: Midterm.elf
 
arm-none-eabi-size   Midterm.elf 
arm-none-eabi-objdump -h -S  Midterm.elf  > "Midterm.list"
arm-none-eabi-objcopy  -O ihex  Midterm.elf  "Midterm.hex"
   text	   data	    bss	    dec	    hex	filename
   9808	     28	   1756	  11592	   2d48	Midterm.elf
Finished building: default.size.stdout
 
Finished building: Midterm.hex
 
Finished building: Midterm.list
 
14:33:51 **** Incremental Build of configuration Debug for project Midterm ****
make -j8 all 
arm-none-eabi-size   Midterm.elf 
   text	   data	    bss	    dec	    hex	filename
   9808	     28	   1756	  11592	   2d48	Midterm.elf
Finished building: default.size.stdout
 
14:35:44 **** Incremental Build of configuration Debug for project Midterm ****
make -j8 all 
arm-none-eabi-gcc "../Core/Src/fsm_normal.c" -mcpu=cortex-m3 -std=gnu11 -g3 -DDEBUG -DUSE_HAL_DRIVER -DSTM32F103x6 -c -I../Core/Inc -I../Drivers/STM32F1xx_HAL_Driver/Inc/Legacy -I../Drivers/STM32F1xx_HAL_Driver/Inc -I../Drivers/CMSIS/Device/ST/STM32F1xx/Include -I../Drivers/CMSIS/Include -O0 -ffunction-sections -fdata-sections -Wall -fstack-usage -MMD -MP -MF"Core/Src/fsm_normal.d" -MT"Core/Src/fsm_normal.o" --specs=nano.specs -mfloat-abi=soft -mthumb -o "Core/Src/fsm_normal.o"
arm-none-eabi-gcc -o "Midterm.elf" @"objects.list"   -mcpu=cortex-m3 -T"D:\Microcontroller\Midterm\STM\Midterm\STM32F103C6UX_FLASH.ld" --specs=nosys.specs -Wl,-Map="Midterm.map" -Wl,--gc-sections -static --specs=nano.specs -mfloat-abi=soft -mthumb -Wl,--start-group -lc -lm -Wl,--end-group
Finished building target: Midterm.elf
 
arm-none-eabi-size   Midterm.elf 
arm-none-eabi-objdump -h -S  Midterm.elf  > "Midterm.list"
arm-none-eabi-objcopy  -O ihex  Midterm.elf  "Midterm.hex"
   text	   data	    bss	    dec	    hex	filename
   9812	     28	   1756	  11596	   2d4c	Midterm.elf
Finished building: default.size.stdout
 
Finished building: Midterm.hex
 
Finished building: Midterm.list
 
14:36:05 **** Incremental Build of configuration Debug for project Midterm ****
make -j8 all 
arm-none-eabi-gcc "../Core/Src/fsm_normal.c" -mcpu=cortex-m3 -std=gnu11 -g3 -DDEBUG -DUSE_HAL_DRIVER -DSTM32F103x6 -c -I../Core/Inc -I../Drivers/STM32F1xx_HAL_Driver/Inc/Legacy -I../Drivers/STM32F1xx_HAL_Driver/Inc -I../Drivers/CMSIS/Device/ST/STM32F1xx/Include -I../Drivers/CMSIS/Include -O0 -ffunction-sections -fdata-sections -Wall -fstack-usage -MMD -MP -MF"Core/Src/fsm_normal.d" -MT"Core/Src/fsm_normal.o" --specs=nano.specs -mfloat-abi=soft -mthumb -o "Core/Src/fsm_normal.o"
arm-none-eabi-gcc -o "Midterm.elf" @"objects.list"   -mcpu=cortex-m3 -T"D:\Microcontroller\Midterm\STM\Midterm\STM32F103C6UX_FLASH.ld" --specs=nosys.specs -Wl,-Map="Midterm.map" -Wl,--gc-sections -static --specs=nano.specs -mfloat-abi=soft -mthumb -Wl,--start-group -lc -lm -Wl,--end-group
Finished building target: Midterm.elf
 
arm-none-eabi-size   Midterm.elf 
arm-none-eabi-objdump -h -S  Midterm.elf  > "Midterm.list"
arm-none-eabi-objcopy  -O ihex  Midterm.elf  "Midterm.hex"
   text	   data	    bss	    dec	    hex	filename
   9812	     28	   1756	  11596	   2d4c	Midterm.elf
Finished building: default.size.stdout
 
Finished building: Midterm.hex
 
Finished building: Midterm.list
 
15:16:32 **** Incremental Build of configuration Debug for project Midterm ****
make -j8 all 
arm-none-eabi-gcc "../Core/Src/fsm_normal.c" -mcpu=cortex-m3 -std=gnu11 -g3 -DDEBUG -DUSE_HAL_DRIVER -DSTM32F103x6 -c -I../Core/Inc -I../Drivers/STM32F1xx_HAL_Driver/Inc/Legacy -I../Drivers/STM32F1xx_HAL_Driver/Inc -I../Drivers/CMSIS/Device/ST/STM32F1xx/Include -I../Drivers/CMSIS/Include -O0 -ffunction-sections -fdata-sections -Wall -fstack-usage -MMD -MP -MF"Core/Src/fsm_normal.d" -MT"Core/Src/fsm_normal.o" --specs=nano.specs -mfloat-abi=soft -mthumb -o "Core/Src/fsm_normal.o"
arm-none-eabi-gcc -o "Midterm.elf" @"objects.list"   -mcpu=cortex-m3 -T"D:\Microcontroller\Midterm\STM\Midterm\STM32F103C6UX_FLASH.ld" --specs=nosys.specs -Wl,-Map="Midterm.map" -Wl,--gc-sections -static --specs=nano.specs -mfloat-abi=soft -mthumb -Wl,--start-group -lc -lm -Wl,--end-group
Finished building target: Midterm.elf
 
arm-none-eabi-size   Midterm.elf 
arm-none-eabi-objdump -h -S  Midterm.elf  > "Midterm.list"
arm-none-eabi-objcopy  -O ihex  Midterm.elf  "Midterm.hex"
   text	   data	    bss	    dec	    hex	filename
   9812	     28	   1756	  11596	   2d4c	Midterm.elf
Finished building: default.size.stdout
 
Finished building: Midterm.hex
 
Finished building: Midterm.list
 
18:17:47 **** Incremental Build of configuration Debug for project Midterm ****
make -j8 all 
arm-none-eabi-gcc "../Core/Src/button.c" -mcpu=cortex-m3 -std=gnu11 -g3 -DDEBUG -DUSE_HAL_DRIVER -DSTM32F103x6 -c -I../Core/Inc -I../Drivers/STM32F1xx_HAL_Driver/Inc/Legacy -I../Drivers/STM32F1xx_HAL_Driver/Inc -I../Drivers/CMSIS/Device/ST/STM32F1xx/Include -I../Drivers/CMSIS/Include -O0 -ffunction-sections -fdata-sections -Wall -fstack-usage -MMD -MP -MF"Core/Src/button.d" -MT"Core/Src/button.o" --specs=nano.specs -mfloat-abi=soft -mthumb -o "Core/Src/button.o"
arm-none-eabi-gcc "../Core/Src/display7SEG.c" -mcpu=cortex-m3 -std=gnu11 -g3 -DDEBUG -DUSE_HAL_DRIVER -DSTM32F103x6 -c -I../Core/Inc -I../Drivers/STM32F1xx_HAL_Driver/Inc/Legacy -I../Drivers/STM32F1xx_HAL_Driver/Inc -I../Drivers/CMSIS/Device/ST/STM32F1xx/Include -I../Drivers/CMSIS/Include -O0 -ffunction-sections -fdata-sections -Wall -fstack-usage -MMD -MP -MF"Core/Src/display7SEG.d" -MT"Core/Src/display7SEG.o" --specs=nano.specs -mfloat-abi=soft -mthumb -o "Core/Src/display7SEG.o"
arm-none-eabi-gcc "../Core/Src/fsm_simple_buttons.c" -mcpu=cortex-m3 -std=gnu11 -g3 -DDEBUG -DUSE_HAL_DRIVER -DSTM32F103x6 -c -I../Core/Inc -I../Drivers/STM32F1xx_HAL_Driver/Inc/Legacy -I../Drivers/STM32F1xx_HAL_Driver/Inc -I../Drivers/CMSIS/Device/ST/STM32F1xx/Include -I../Drivers/CMSIS/Include -O0 -ffunction-sections -fdata-sections -Wall -fstack-usage -MMD -MP -MF"Core/Src/fsm_simple_buttons.d" -MT"Core/Src/fsm_simple_buttons.o" --specs=nano.specs -mfloat-abi=soft -mthumb -o "Core/Src/fsm_simple_buttons.o"
arm-none-eabi-gcc "../Core/Src/global.c" -mcpu=cortex-m3 -std=gnu11 -g3 -DDEBUG -DUSE_HAL_DRIVER -DSTM32F103x6 -c -I../Core/Inc -I../Drivers/STM32F1xx_HAL_Driver/Inc/Legacy -I../Drivers/STM32F1xx_HAL_Driver/Inc -I../Drivers/CMSIS/Device/ST/STM32F1xx/Include -I../Drivers/CMSIS/Include -O0 -ffunction-sections -fdata-sections -Wall -fstack-usage -MMD -MP -MF"Core/Src/global.d" -MT"Core/Src/global.o" --specs=nano.specs -mfloat-abi=soft -mthumb -o "Core/Src/global.o"
arm-none-eabi-gcc "../Core/Src/main.c" -mcpu=cortex-m3 -std=gnu11 -g3 -DDEBUG -DUSE_HAL_DRIVER -DSTM32F103x6 -c -I../Core/Inc -I../Drivers/STM32F1xx_HAL_Driver/Inc/Legacy -I../Drivers/STM32F1xx_HAL_Driver/Inc -I../Drivers/CMSIS/Device/ST/STM32F1xx/Include -I../Drivers/CMSIS/Include -O0 -ffunction-sections -fdata-sections -Wall -fstack-usage -MMD -MP -MF"Core/Src/main.d" -MT"Core/Src/main.o" --specs=nano.specs -mfloat-abi=soft -mthumb -o "Core/Src/main.o"
arm-none-eabi-gcc "../Core/Src/software_timer.c" -mcpu=cortex-m3 -std=gnu11 -g3 -DDEBUG -DUSE_HAL_DRIVER -DSTM32F103x6 -c -I../Core/Inc -I../Drivers/STM32F1xx_HAL_Driver/Inc/Legacy -I../Drivers/STM32F1xx_HAL_Driver/Inc -I../Drivers/CMSIS/Device/ST/STM32F1xx/Include -I../Drivers/CMSIS/Include -O0 -ffunction-sections -fdata-sections -Wall -fstack-usage -MMD -MP -MF"Core/Src/software_timer.d" -MT"Core/Src/software_timer.o" --specs=nano.specs -mfloat-abi=soft -mthumb -o "Core/Src/software_timer.o"
arm-none-eabi-gcc "../Core/Src/stm32f1xx_hal_msp.c" -mcpu=cortex-m3 -std=gnu11 -g3 -DDEBUG -DUSE_HAL_DRIVER -DSTM32F103x6 -c -I../Core/Inc -I../Drivers/STM32F1xx_HAL_Driver/Inc/Legacy -I../Drivers/STM32F1xx_HAL_Driver/Inc -I../Drivers/CMSIS/Device/ST/STM32F1xx/Include -I../Drivers/CMSIS/Include -O0 -ffunction-sections -fdata-sections -Wall -fstack-usage -MMD -MP -MF"Core/Src/stm32f1xx_hal_msp.d" -MT"Core/Src/stm32f1xx_hal_msp.o" --specs=nano.specs -mfloat-abi=soft -mthumb -o "Core/Src/stm32f1xx_hal_msp.o"
arm-none-eabi-gcc "../Core/Src/stm32f1xx_it.c" -mcpu=cortex-m3 -std=gnu11 -g3 -DDEBUG -DUSE_HAL_DRIVER -DSTM32F103x6 -c -I../Core/Inc -I../Drivers/STM32F1xx_HAL_Driver/Inc/Legacy -I../Drivers/STM32F1xx_HAL_Driver/Inc -I../Drivers/CMSIS/Device/ST/STM32F1xx/Include -I../Drivers/CMSIS/Include -O0 -ffunction-sections -fdata-sections -Wall -fstack-usage -MMD -MP -MF"Core/Src/stm32f1xx_it.d" -MT"Core/Src/stm32f1xx_it.o" --specs=nano.specs -mfloat-abi=soft -mthumb -o "Core/Src/stm32f1xx_it.o"
arm-none-eabi-gcc "../Core/Src/syscalls.c" -mcpu=cortex-m3 -std=gnu11 -g3 -DDEBUG -DUSE_HAL_DRIVER -DSTM32F103x6 -c -I../Core/Inc -I../Drivers/STM32F1xx_HAL_Driver/Inc/Legacy -I../Drivers/STM32F1xx_HAL_Driver/Inc -I../Drivers/CMSIS/Device/ST/STM32F1xx/Include -I../Drivers/CMSIS/Include -O0 -ffunction-sections -fdata-sections -Wall -fstack-usage -MMD -MP -MF"Core/Src/syscalls.d" -MT"Core/Src/syscalls.o" --specs=nano.specs -mfloat-abi=soft -mthumb -o "Core/Src/syscalls.o"
arm-none-eabi-gcc "../Core/Src/sysmem.c" -mcpu=cortex-m3 -std=gnu11 -g3 -DDEBUG -DUSE_HAL_DRIVER -DSTM32F103x6 -c -I../Core/Inc -I../Drivers/STM32F1xx_HAL_Driver/Inc/Legacy -I../Drivers/STM32F1xx_HAL_Driver/Inc -I../Drivers/CMSIS/Device/ST/STM32F1xx/Include -I../Drivers/CMSIS/Include -O0 -ffunction-sections -fdata-sections -Wall -fstack-usage -MMD -MP -MF"Core/Src/sysmem.d" -MT"Core/Src/sysmem.o" --specs=nano.specs -mfloat-abi=soft -mthumb -o "Core/Src/sysmem.o"
arm-none-eabi-gcc "../Core/Src/system_stm32f1xx.c" -mcpu=cortex-m3 -std=gnu11 -g3 -DDEBUG -DUSE_HAL_DRIVER -DSTM32F103x6 -c -I../Core/Inc -I../Drivers/STM32F1xx_HAL_Driver/Inc/Legacy -I../Drivers/STM32F1xx_HAL_Driver/Inc -I../Drivers/CMSIS/Device/ST/STM32F1xx/Include -I../Drivers/CMSIS/Include -O0 -ffunction-sections -fdata-sections -Wall -fstack-usage -MMD -MP -MF"Core/Src/system_stm32f1xx.d" -MT"Core/Src/system_stm32f1xx.o" --specs=nano.specs -mfloat-abi=soft -mthumb -o "Core/Src/system_stm32f1xx.o"
arm-none-eabi-gcc -o "Midterm.elf" @"objects.list"   -mcpu=cortex-m3 -T"D:\Microcontroller\Midterm\STM\Midterm\STM32F103C6UX_FLASH.ld" --specs=nosys.specs -Wl,-Map="Midterm.map" -Wl,--gc-sections -static --specs=nano.specs -mfloat-abi=soft -mthumb -Wl,--start-group -lc -lm -Wl,--end-group
Finished building target: Midterm.elf
 
arm-none-eabi-size   Midterm.elf 
arm-none-eabi-objdump -h -S  Midterm.elf  > "Midterm.list"
arm-none-eabi-objcopy  -O ihex  Midterm.elf  "Midterm.hex"
   text	   data	    bss	    dec	    hex	filename
   9812	     28	   1756	  11596	   2d4c	Midterm.elf
Finished building: default.size.stdout
 
Finished building: Midterm.hex
 
Finished building: Midterm.list
 
18:17:52 **** Incremental Build of configuration Debug for project Midterm ****
make -j8 all 
arm-none-eabi-size   Midterm.elf 
   text	   data	    bss	    dec	    hex	filename
   9812	     28	   1756	  11596	   2d4c	Midterm.elf
Finished building: default.size.stdout
 
18:20:50 **** Incremental Build of configuration Debug for project Midterm ****
make -j8 all 
arm-none-eabi-gcc "../Core/Src/button.c" -mcpu=cortex-m3 -std=gnu11 -g3 -DDEBUG -DUSE_HAL_DRIVER -DSTM32F103x6 -c -I../Core/Inc -I../Drivers/STM32F1xx_HAL_Driver/Inc/Legacy -I../Drivers/STM32F1xx_HAL_Driver/Inc -I../Drivers/CMSIS/Device/ST/STM32F1xx/Include -I../Drivers/CMSIS/Include -O0 -ffunction-sections -fdata-sections -Wall -fstack-usage -MMD -MP -MF"Core/Src/button.d" -MT"Core/Src/button.o" --specs=nano.specs -mfloat-abi=soft -mthumb -o "Core/Src/button.o"
arm-none-eabi-gcc -o "Midterm.elf" @"objects.list"   -mcpu=cortex-m3 -T"D:\Microcontroller\Midterm\STM\Midterm\STM32F103C6UX_FLASH.ld" --specs=nosys.specs -Wl,-Map="Midterm.map" -Wl,--gc-sections -static --specs=nano.specs -mfloat-abi=soft -mthumb -Wl,--start-group -lc -lm -Wl,--end-group
Finished building target: Midterm.elf
 
arm-none-eabi-size   Midterm.elf 
arm-none-eabi-objdump -h -S  Midterm.elf  > "Midterm.list"
arm-none-eabi-objcopy  -O ihex  Midterm.elf  "Midterm.hex"
   text	   data	    bss	    dec	    hex	filename
   9812	     28	   1756	  11596	   2d4c	Midterm.elf
Finished building: default.size.stdout
 
Finished building: Midterm.hex
 
Finished building: Midterm.list
 
18:25:47 **** Incremental Build of configuration Debug for project Midterm ****
make -j8 all 
arm-none-eabi-gcc "../Core/Src/button.c" -mcpu=cortex-m3 -std=gnu11 -g3 -DDEBUG -DUSE_HAL_DRIVER -DSTM32F103x6 -c -I../Core/Inc -I../Drivers/STM32F1xx_HAL_Driver/Inc/Legacy -I../Drivers/STM32F1xx_HAL_Driver/Inc -I../Drivers/CMSIS/Device/ST/STM32F1xx/Include -I../Drivers/CMSIS/Include -O0 -ffunction-sections -fdata-sections -Wall -fstack-usage -MMD -MP -MF"Core/Src/button.d" -MT"Core/Src/button.o" --specs=nano.specs -mfloat-abi=soft -mthumb -o "Core/Src/button.o"
arm-none-eabi-gcc -o "Midterm.elf" @"objects.list"   -mcpu=cortex-m3 -T"D:\Microcontroller\Midterm\STM\Midterm\STM32F103C6UX_FLASH.ld" --specs=nosys.specs -Wl,-Map="Midterm.map" -Wl,--gc-sections -static --specs=nano.specs -mfloat-abi=soft -mthumb -Wl,--start-group -lc -lm -Wl,--end-group
Finished building target: Midterm.elf
 
arm-none-eabi-size   Midterm.elf 
arm-none-eabi-objdump -h -S  Midterm.elf  > "Midterm.list"
arm-none-eabi-objcopy  -O ihex  Midterm.elf  "Midterm.hex"
   text	   data	    bss	    dec	    hex	filename
   9876	     28	   1756	  11660	   2d8c	Midterm.elf
Finished building: default.size.stdout
 
Finished building: Midterm.hex
 
Finished building: Midterm.list
 
18:29:02 **** Incremental Build of configuration Debug for project Midterm ****
make -j8 all 
arm-none-eabi-gcc "../Core/Src/button.c" -mcpu=cortex-m3 -std=gnu11 -g3 -DDEBUG -DUSE_HAL_DRIVER -DSTM32F103x6 -c -I../Core/Inc -I../Drivers/STM32F1xx_HAL_Driver/Inc/Legacy -I../Drivers/STM32F1xx_HAL_Driver/Inc -I../Drivers/CMSIS/Device/ST/STM32F1xx/Include -I../Drivers/CMSIS/Include -O0 -ffunction-sections -fdata-sections -Wall -fstack-usage -MMD -MP -MF"Core/Src/button.d" -MT"Core/Src/button.o" --specs=nano.specs -mfloat-abi=soft -mthumb -o "Core/Src/button.o"
arm-none-eabi-gcc -o "Midterm.elf" @"objects.list"   -mcpu=cortex-m3 -T"D:\Microcontroller\Midterm\STM\Midterm\STM32F103C6UX_FLASH.ld" --specs=nosys.specs -Wl,-Map="Midterm.map" -Wl,--gc-sections -static --specs=nano.specs -mfloat-abi=soft -mthumb -Wl,--start-group -lc -lm -Wl,--end-group
Finished building target: Midterm.elf
 
arm-none-eabi-size   Midterm.elf 
arm-none-eabi-objdump -h -S  Midterm.elf  > "Midterm.list"
arm-none-eabi-objcopy  -O ihex  Midterm.elf  "Midterm.hex"
   text	   data	    bss	    dec	    hex	filename
   9812	     28	   1756	  11596	   2d4c	Midterm.elf
Finished building: default.size.stdout
 
Finished building: Midterm.hex
 
Finished building: Midterm.list
 
18:31:30 **** Incremental Build of configuration Debug for project Midterm ****
make -j8 all 
arm-none-eabi-gcc "../Core/Src/button.c" -mcpu=cortex-m3 -std=gnu11 -g3 -DDEBUG -DUSE_HAL_DRIVER -DSTM32F103x6 -c -I../Core/Inc -I../Drivers/STM32F1xx_HAL_Driver/Inc/Legacy -I../Drivers/STM32F1xx_HAL_Driver/Inc -I../Drivers/CMSIS/Device/ST/STM32F1xx/Include -I../Drivers/CMSIS/Include -O0 -ffunction-sections -fdata-sections -Wall -fstack-usage -MMD -MP -MF"Core/Src/button.d" -MT"Core/Src/button.o" --specs=nano.specs -mfloat-abi=soft -mthumb -o "Core/Src/button.o"
arm-none-eabi-gcc "../Core/Src/display7SEG.c" -mcpu=cortex-m3 -std=gnu11 -g3 -DDEBUG -DUSE_HAL_DRIVER -DSTM32F103x6 -c -I../Core/Inc -I../Drivers/STM32F1xx_HAL_Driver/Inc/Legacy -I../Drivers/STM32F1xx_HAL_Driver/Inc -I../Drivers/CMSIS/Device/ST/STM32F1xx/Include -I../Drivers/CMSIS/Include -O0 -ffunction-sections -fdata-sections -Wall -fstack-usage -MMD -MP -MF"Core/Src/display7SEG.d" -MT"Core/Src/display7SEG.o" --specs=nano.specs -mfloat-abi=soft -mthumb -o "Core/Src/display7SEG.o"
arm-none-eabi-gcc "../Core/Src/fsm_simple_buttons.c" -mcpu=cortex-m3 -std=gnu11 -g3 -DDEBUG -DUSE_HAL_DRIVER -DSTM32F103x6 -c -I../Core/Inc -I../Drivers/STM32F1xx_HAL_Driver/Inc/Legacy -I../Drivers/STM32F1xx_HAL_Driver/Inc -I../Drivers/CMSIS/Device/ST/STM32F1xx/Include -I../Drivers/CMSIS/Include -O0 -ffunction-sections -fdata-sections -Wall -fstack-usage -MMD -MP -MF"Core/Src/fsm_simple_buttons.d" -MT"Core/Src/fsm_simple_buttons.o" --specs=nano.specs -mfloat-abi=soft -mthumb -o "Core/Src/fsm_simple_buttons.o"
arm-none-eabi-gcc "../Core/Src/global.c" -mcpu=cortex-m3 -std=gnu11 -g3 -DDEBUG -DUSE_HAL_DRIVER -DSTM32F103x6 -c -I../Core/Inc -I../Drivers/STM32F1xx_HAL_Driver/Inc/Legacy -I../Drivers/STM32F1xx_HAL_Driver/Inc -I../Drivers/CMSIS/Device/ST/STM32F1xx/Include -I../Drivers/CMSIS/Include -O0 -ffunction-sections -fdata-sections -Wall -fstack-usage -MMD -MP -MF"Core/Src/global.d" -MT"Core/Src/global.o" --specs=nano.specs -mfloat-abi=soft -mthumb -o "Core/Src/global.o"
[...]
Finished building: default.size.stdout
 
19:36:03 **** Incremental Build of configuration Debug for project Midterm ****
make -j8 all 
arm-none-eabi-gcc "../Core/Src/fsm_simple_buttons.c" -mcpu=cortex-m3 -std=gnu11 -g3 -DDEBUG -DUSE_HAL_DRIVER -DSTM32F103x6 -c -I../Core/Inc -I../Drivers/STM32F1xx_HAL_Driver/Inc/Legacy -I../Drivers/STM32F1xx_HAL_Driver/Inc -I../Drivers/CMSIS/Device/ST/STM32F1xx/Include -I../Drivers/CMSIS/Include -O0 -ffunction-sections -fdata-sections -Wall -fstack-usage -MMD -MP -MF"Core/Src/fsm_simple_buttons.d" -MT"Core/Src/fsm_simple_buttons.o" --specs=nano.specs -mfloat-abi=soft -mthumb -o "Core/Src/fsm_simple_buttons.o"
arm-none-eabi-gcc -o "Midterm.elf" @"objects.list"   -mcpu=cortex-m3 -T"D:\Microcontroller\Midterm\STM\Midterm\STM32F103C6UX_FLASH.ld" --specs=nosys.specs -Wl,-Map="Midterm.map" -Wl,--gc-sections -static --specs=nano.specs -mfloat-abi=soft -mthumb -Wl,--start-group -lc -lm -Wl,--end-group
Finished building target: Midterm.elf
 
arm-none-eabi-size   Midterm.elf 
arm-none-eabi-objdump -h -S  Midterm.elf  > "Midterm.list"
arm-none-eabi-objcopy  -O ihex  Midterm.elf  "Midterm.hex"
   text	   data	    bss	    dec	    hex	filename
   9480	     28	   1740	  11248	   2bf0	Midterm.elf
Finished building: default.size.stdout
 
Finished building: Midterm.hex
 
Finished building: Midterm.list
 
19:39:43 **** Incremental Build of configuration Debug for project Midterm ****
make -j8 all 
arm-none-eabi-gcc "../Core/Src/fsm_simple_buttons.c" -mcpu=cortex-m3 -std=gnu11 -g3 -DDEBUG -DUSE_HAL_DRIVER -DSTM32F103x6 -c -I../Core/Inc -I../Drivers/STM32F1xx_HAL_Driver/Inc/Legacy -I../Drivers/STM32F1xx_HAL_Driver/Inc -I../Drivers/CMSIS/Device/ST/STM32F1xx/Include -I../Drivers/CMSIS/Include -O0 -ffunction-sections -fdata-sections -Wall -fstack-usage -MMD -MP -MF"Core/Src/fsm_simple_buttons.d" -MT"Core/Src/fsm_simple_buttons.o" --specs=nano.specs -mfloat-abi=soft -mthumb -o "Core/Src/fsm_simple_buttons.o"
arm-none-eabi-gcc -o "Midterm.elf" @"objects.list"   -mcpu=cortex-m3 -T"D:\Microcontroller\Midterm\STM\Midterm\STM32F103C6UX_FLASH.ld" --specs=nosys.specs -Wl,-Map="Midterm.map" -Wl,--gc-sections -static --specs=nano.specs -mfloat-abi=soft -mthumb -Wl,--start-group -lc -lm -Wl,--end-group
Finished building target: Midterm.elf
 
arm-none-eabi-size   Midterm.elf 
arm-none-eabi-objdump -h -S  Midterm.elf  > "Midterm.list"
arm-none-eabi-objcopy  -O ihex  Midterm.elf  "Midterm.hex"
   text	   data	    bss	    dec	    hex	filename
   9416	     28	   1740	  11184	   2bb0	Midterm.elf
Finished building: default.size.stdout
 
Finished building: Midterm.hex
 
Finished building: Midterm.list
 
19:43:42 **** Incremental Build of configuration Debug for project Midterm ****
make -j8 all 
arm-none-eabi-gcc "../Core/Src/fsm_simple_buttons.c" -mcpu=cortex-m3 -std=gnu11 -g3 -DDEBUG -DUSE_HAL_DRIVER -DSTM32F103x6 -c -I../Core/Inc -I../Drivers/STM32F1xx_HAL_Driver/Inc/Legacy -I../Drivers/STM32F1xx_HAL_Driver/Inc -I../Drivers/CMSIS/Device/ST/STM32F1xx/Include -I../Drivers/CMSIS/Include -O0 -ffunction-sections -fdata-sections -Wall -fstack-usage -MMD -MP -MF"Core/Src/fsm_simple_buttons.d" -MT"Core/Src/fsm_simple_buttons.o" --specs=nano.specs -mfloat-abi=soft -mthumb -o "Core/Src/fsm_simple_buttons.o"
arm-none-eabi-gcc -o "Midterm.elf" @"objects.list"   -mcpu=cortex-m3 -T"D:\Microcontroller\Midterm\STM\Midterm\STM32F103C6UX_FLASH.ld" --specs=nosys.specs -Wl,-Map="Midterm.map" -Wl,--gc-sections -static --specs=nano.specs -mfloat-abi=soft -mthumb -Wl,--start-group -lc -lm -Wl,--end-group
Finished building target: Midterm.elf
 
arm-none-eabi-size   Midterm.elf 
arm-none-eabi-objdump -h -S  Midterm.elf  > "Midterm.list"
arm-none-eabi-objcopy  -O ihex  Midterm.elf  "Midterm.hex"
   text	   data	    bss	    dec	    hex	filename
   8944	     28	   1740	  10712	   29d8	Midterm.elf
Finished building: default.size.stdout
 
Finished building: Midterm.hex
 
Finished building: Midterm.list
 
19:58:35 **** Incremental Build of configuration Debug for project Midterm ****
make -j8 all 
arm-none-eabi-size   Midterm.elf 
   text	   data	    bss	    dec	    hex	filename
   8944	     28	   1740	  10712	   29d8	Midterm.elf
Finished building: default.size.stdout
 
20:00:28 **** Incremental Build of configuration Debug for project Midterm ****
make -j8 all 
arm-none-eabi-gcc "../Core/Src/fsm_simple_buttons.c" -mcpu=cortex-m3 -std=gnu11 -g3 -DDEBUG -DUSE_HAL_DRIVER -DSTM32F103x6 -c -I../Core/Inc -I../Drivers/STM32F1xx_HAL_Driver/Inc/Legacy -I../Drivers/STM32F1xx_HAL_Driver/Inc -I../Drivers/CMSIS/Device/ST/STM32F1xx/Include -I../Drivers/CMSIS/Include -O0 -ffunction-sections -fdata-sections -Wall -fstack-usage -MMD -MP -MF"Core/Src/fsm_simple_buttons.d" -MT"Core/Src/fsm_simple_buttons.o" --specs=nano.specs -mfloat-abi=soft -mthumb -o "Core/Src/fsm_simple_buttons.o"
arm-none-eabi-gcc -o "Midterm.elf" @"objects.list"   -mcpu=cortex-m3 -T"D:\Microcontroller\Midterm\STM\Midterm\STM32F103C6UX_FLASH.ld" --specs=nosys.specs -Wl,-Map="Midterm.map" -Wl,--gc-sections -static --specs=nano.specs -mfloat-abi=soft -mthumb -Wl,--start-group -lc -lm -Wl,--end-group
Finished building target: Midterm.elf
 
arm-none-eabi-size   Midterm.elf 
arm-none-eabi-objdump -h -S  Midterm.elf  > "Midterm.list"
arm-none-eabi-objcopy  -O ihex  Midterm.elf  "Midterm.hex"
   text	   data	    bss	    dec	    hex	filename
   9920	     28	   1740	  11688	   2da8	Midterm.elf
Finished building: default.size.stdout
 
Finished building: Midterm.hex
 
Finished building: Midterm.list
 
20:01:19 **** Incremental Build of configuration Debug for project Midterm ****
make -j8 all 
arm-none-eabi-gcc "../Core/Src/fsm_simple_buttons.c" -mcpu=cortex-m3 -std=gnu11 -g3 -DDEBUG -DUSE_HAL_DRIVER -DSTM32F103x6 -c -I../Core/Inc -I../Drivers/STM32F1xx_HAL_Driver/Inc/Legacy -I../Drivers/STM32F1xx_HAL_Driver/Inc -I../Drivers/CMSIS/Device/ST/STM32F1xx/Include -I../Drivers/CMSIS/Include -O0 -ffunction-sections -fdata-sections -Wall -fstack-usage -MMD -MP -MF"Core/Src/fsm_simple_buttons.d" -MT"Core/Src/fsm_simple_buttons.o" --specs=nano.specs -mfloat-abi=soft -mthumb -o "Core/Src/fsm_simple_buttons.o"
arm-none-eabi-gcc -o "Midterm.elf" @"objects.list"   -mcpu=cortex-m3 -T"D:\Microcontroller\Midterm\STM\Midterm\STM32F103C6UX_FLASH.ld" --specs=nosys.specs -Wl,-Map="Midterm.map" -Wl,--gc-sections -static --specs=nano.specs -mfloat-abi=soft -mthumb -Wl,--start-group -lc -lm -Wl,--end-group
Finished building target: Midterm.elf
 
arm-none-eabi-size   Midterm.elf 
arm-none-eabi-objdump -h -S  Midterm.elf  > "Midterm.list"
arm-none-eabi-objcopy  -O ihex  Midterm.elf  "Midterm.hex"
   text	   data	    bss	    dec	    hex	filename
   9920	     28	   1740	  11688	   2da8	Midterm.elf
Finished building: default.size.stdout
 
Finished building: Midterm.hex
 
Finished building: Midterm.list
 
20:02:22 **** Incremental Build of configuration Debug for project Midterm ****
make -j8 all 
arm-none-eabi-gcc "../Core/Src/fsm_simple_buttons.c" -mcpu=cortex-m3 -std=gnu11 -g3 -DDEBUG -DUSE_HAL_DRIVER -DSTM32F103x6 -c -I../Core/Inc -I../Drivers/STM32F1xx_HAL_Driver/Inc/Legacy -I../Drivers/STM32F1xx_HAL_Driver/Inc -I../Drivers/CMSIS/Device/ST/STM32F1xx/Include -I../Drivers/CMSIS/Include -O0 -ffunction-sections -fdata-sections -Wall -fstack-usage -MMD -MP -MF"Core/Src/fsm_simple_buttons.d" -MT"Core/Src/fsm_simple_buttons.o" --specs=nano.specs -mfloat-abi=soft -mthumb -o "Core/Src/fsm_simple_buttons.o"
arm-none-eabi-gcc -o "Midterm.elf" @"objects.list"   -mcpu=cortex-m3 -T"D:\Microcontroller\Midterm\STM\Midterm\STM32F103C6UX_FLASH.ld" --specs=nosys.specs -Wl,-Map="Midterm.map" -Wl,--gc-sections -static --specs=nano.specs -mfloat-abi=soft -mthumb -Wl,--start-group -lc -lm -Wl,--end-group
Finished building target: Midterm.elf
 
arm-none-eabi-size   Midterm.elf 
arm-none-eabi-objdump -h -S  Midterm.elf  > "Midterm.list"
arm-none-eabi-objcopy  -O ihex  Midterm.elf  "Midterm.hex"
   text	   data	    bss	    dec	    hex	filename
   9708	     28	   1740	  11476	   2cd4	Midterm.elf
Finished building: default.size.stdout
 
Finished building: Midterm.hex
 
Finished building: Midterm.list
 
20:04:29 **** Incremental Build of configuration Debug for project Midterm ****
make -j8 all 
arm-none-eabi-size   Midterm.elf 
   text	   data	    bss	    dec	    hex	filename
   9708	     28	   1740	  11476	   2cd4	Midterm.elf
Finished building: default.size.stdout
 
20:10:12 **** Incremental Build of configuration Debug for project Midterm ****
make -j8 all 
arm-none-eabi-gcc "../Core/Src/fsm_simple_buttons.c" -mcpu=cortex-m3 -std=gnu11 -g3 -DDEBUG -DUSE_HAL_DRIVER -DSTM32F103x6 -c -I../Core/Inc -I../Drivers/STM32F1xx_HAL_Driver/Inc/Legacy -I../Drivers/STM32F1xx_HAL_Driver/Inc -I../Drivers/CMSIS/Device/ST/STM32F1xx/Include -I../Drivers/CMSIS/Include -O0 -ffunction-sections -fdata-sections -Wall -fstack-usage -MMD -MP -MF"Core/Src/fsm_simple_buttons.d" -MT"Core/Src/fsm_simple_buttons.o" --specs=nano.specs -mfloat-abi=soft -mthumb -o "Core/Src/fsm_simple_buttons.o"
../Core/Src/fsm_simple_buttons.c: In function 'fsm_simple_buttons_run':
../Core/Src/fsm_simple_buttons.c:18:12: error: 'AUTO' undeclared (first use in this function)
   18 |   status = AUTO;
      |            ^~~~
../Core/Src/fsm_simple_buttons.c:18:12: note: each undeclared identifier is reported only once for each function it appears in
make: *** [Core/Src/subdir.mk:49: Core/Src/fsm_simple_buttons.o] Error 1
"make -j8 all" terminated with exit code 2. Build might be incomplete.
20:10:14 **** Incremental Build of configuration Debug for project Midterm ****
make -j8 all 
arm-none-eabi-gcc "../Core/Src/fsm_simple_buttons.c" -mcpu=cortex-m3 -std=gnu11 -g3 -DDEBUG -DUSE_HAL_DRIVER -DSTM32F103x6 -c -I../Core/Inc -I../Drivers/STM32F1xx_HAL_Driver/Inc/Legacy -I../Drivers/STM32F1xx_HAL_Driver/Inc -I../Drivers/CMSIS/Device/ST/STM32F1xx/Include -I../Drivers/CMSIS/Include -O0 -ffunction-sections -fdata-sections -Wall -fstack-usage -MMD -MP -MF"Core/Src/fsm_simple_buttons.d" -MT"Core/Src/fsm_simple_buttons.o" --specs=nano.specs -mfloat-abi=soft -mthumb -o "Core/Src/fsm_simple_buttons.o"
../Core/Src/fsm_simple_buttons.c: In function 'fsm_simple_buttons_run':
../Core/Src/fsm_simple_buttons.c:18:12: error: 'AUTO' undeclared (first use in this function)
   18 |   status = AUTO;
      |            ^~~~
../Core/Src/fsm_simple_buttons.c:18:12: note: each undeclared identifier is reported only once for each function it appears in
make: *** [Core/Src/subdir.mk:49: Core/Src/fsm_simple_buttons.o] Error 1
"make -j8 all" terminated with exit code 2. Build might be incomplete.
20:10:41 **** Incremental Build of configuration Debug for project Midterm ****
make -j8 all 
arm-none-eabi-gcc "../Core/Src/fsm_simple_buttons.c" -mcpu=cortex-m3 -std=gnu11 -g3 -DDEBUG -DUSE_HAL_DRIVER -DSTM32F103x6 -c -I../Core/Inc -I../Drivers/STM32F1xx_HAL_Driver/Inc/Legacy -I../Drivers/STM32F1xx_HAL_Driver/Inc -I../Drivers/CMSIS/Device/ST/STM32F1xx/Include -I../Drivers/CMSIS/Include -O0 -ffunction-sections -fdata-sections -Wall -fstack-usage -MMD -MP -MF"Core/Src/fsm_simple_buttons.d" -MT"Core/Src/fsm_simple_buttons.o" --specs=nano.specs -mfloat-abi=soft -mthumb -o "Core/Src/fsm_simple_buttons.o"
../Core/Src/fsm_simple_buttons.c: In function 'fsm_simple_buttons_run':
../Core/Src/fsm_simple_buttons.c:18:12: error: 'AUTO' undeclared (first use in this function)
   18 |   status = AUTO;
      |            ^~~~
../Core/Src/fsm_simple_buttons.c:18:12: note: each undeclared identifier is reported only once for each function it appears in
make: *** [Core/Src/subdir.mk:49: Core/Src/fsm_simple_buttons.o] Error 1
"make -j8 all" terminated with exit code 2. Build might be incomplete.
20:10:57 **** Incremental Build of configuration Debug for project Midterm ****
make -j8 all 
arm-none-eabi-gcc "../Core/Src/button.c" -mcpu=cortex-m3 -std=gnu11 -g3 -DDEBUG -DUSE_HAL_DRIVER -DSTM32F103x6 -c -I../Core/Inc -I../Drivers/STM32F1xx_HAL_Driver/Inc/Legacy -I../Drivers/STM32F1xx_HAL_Driver/Inc -I../Drivers/CMSIS/Device/ST/STM32F1xx/Include -I../Drivers/CMSIS/Include -O0 -ffunction-sections -fdata-sections -Wall -fstack-usage -MMD -MP -MF"Core/Src/button.d" -MT"Core/Src/button.o" --specs=nano.specs -mfloat-abi=soft -mthumb -o "Core/Src/button.o"
arm-none-eabi-gcc "../Core/Src/display7SEG.c" -mcpu=cortex-m3 -std=gnu11 -g3 -DDEBUG -DUSE_HAL_DRIVER -DSTM32F103x6 -c -I../Core/Inc -I../Drivers/STM32F1xx_HAL_Driver/Inc/Legacy -I../Drivers/STM32F1xx_HAL_Driver/Inc -I../Drivers/CMSIS/Device/ST/STM32F1xx/Include -I../Drivers/CMSIS/Include -O0 -ffunction-sections -fdata-sections -Wall -fstack-usage -MMD -MP -MF"Core/Src/display7SEG.d" -MT"Core/Src/display7SEG.o" --specs=nano.specs -mfloat-abi=soft -mthumb -o "Core/Src/display7SEG.o"
arm-none-eabi-gcc "../Core/Src/fsm_simple_buttons.c" -mcpu=cortex-m3 -std=gnu11 -g3 -DDEBUG -DUSE_HAL_DRIVER -DSTM32F103x6 -c -I../Core/Inc -I../Drivers/STM32F1xx_HAL_Driver/Inc/Legacy -I../Drivers/STM32F1xx_HAL_Driver/Inc -I../Drivers/CMSIS/Device/ST/STM32F1xx/Include -I../Drivers/CMSIS/Include -O0 -ffunction-sections -fdata-sections -Wall -fstack-usage -MMD -MP -MF"Core/Src/fsm_simple_buttons.d" -MT"Core/Src/fsm_simple_buttons.o" --specs=nano.specs -mfloat-abi=soft -mthumb -o "Core/Src/fsm_simple_buttons.o"
arm-none-eabi-gcc "../Core/Src/global.c" -mcpu=cortex-m3 -std=gnu11 -g3 -DDEBUG -DUSE_HAL_DRIVER -DSTM32F103x6 -c -I../Core/Inc -I../Drivers/STM32F1xx_HAL_Driver/Inc/Legacy -I../Drivers/STM32F1xx_HAL_Driver/Inc -I../Drivers/CMSIS/Device/ST/STM32F1xx/Include -I../Drivers/CMSIS/Include -O0 -ffunction-sections -fdata-sections -Wall -fstack-usage -MMD -MP -MF"Core/Src/global.d" -MT"Core/Src/global.o" --specs=nano.specs -mfloat-abi=soft -mthumb -o "Core/Src/global.o"
arm-none-eabi-gcc "../Core/Src/main.c" -mcpu=cortex-m3 -std=gnu11 -g3 -DDEBUG -DUSE_HAL_DRIVER -DSTM32F103x6 -c -I../Core/Inc -I../Drivers/STM32F1xx_HAL_Driver/Inc/Legacy -I../Drivers/STM32F1xx_HAL_Driver/Inc -I../Drivers/CMSIS/Device/ST/STM32F1xx/Include -I../Drivers/CMSIS/Include -O0 -ffunction-sections -fdata-sections -Wall -fstack-usage -MMD -MP -MF"Core/Src/main.d" -MT"Core/Src/main.o" --specs=nano.specs -mfloat-abi=soft -mthumb -o "Core/Src/main.o"
arm-none-eabi-gcc "../Core/Src/software_timer.c" -mcpu=cortex-m3 -std=gnu11 -g3 -DDEBUG -DUSE_HAL_DRIVER -DSTM32F103x6 -c -I../Core/Inc -I../Drivers/STM32F1xx_HAL_Driver/Inc/Legacy -I../Drivers/STM32F1xx_HAL_Driver/Inc -I../Drivers/CMSIS/Device/ST/STM32F1xx/Include -I../Drivers/CMSIS/Include -O0 -ffunction-sections -fdata-sections -Wall -fstack-usage -MMD -MP -MF"Core/Src/software_timer.d" -MT"Core/Src/software_timer.o" --specs=nano.specs -mfloat-abi=soft -mthumb -o "Core/Src/software_timer.o"
arm-none-eabi-gcc -o "Midterm.elf" @"objects.list"   -mcpu=cortex-m3 -T"D:\Microcontroller\Midterm\STM\Midterm\STM32F103C6UX_FLASH.ld" --specs=nosys.specs -Wl,-Map="Midterm.map" -Wl,--gc-sections -static --specs=nano.specs -mfloat-abi=soft -mthumb -Wl,--start-group -lc -lm -Wl,--end-group
Finished building target: Midterm.elf
 
arm-none-eabi-size   Midterm.elf 
arm-none-eabi-objdump -h -S  Midterm.elf  > "Midterm.list"
arm-none-eabi-objcopy  -O ihex  Midterm.elf  "Midterm.hex"
   text	   data	    bss	    dec	    hex	filename
   9708	     28	   1740	  11476	   2cd4	Midterm.elf
Finished building: default.size.stdout
 
Finished building: Midterm.hex
 
Finished building: Midterm.list
 
20:11:02 **** Incremental Build of configuration Debug for project Midterm ****
make -j8 all 
arm-none-eabi-size   Midterm.elf 
   text	   data	    bss	    dec	    hex	filename
   9708	     28	   1740	  11476	   2cd4	Midterm.elf
Finished building: default.size.stdout
 
20:22:59 **** Incremental Build of configuration Debug for project Midterm ****
make -j8 all 
arm-none-eabi-gcc "../Core/Src/fsm_simple_buttons.c" -mcpu=cortex-m3 -std=gnu11 -g3 -DDEBUG -DUSE_HAL_DRIVER -DSTM32F103x6 -c -I../Core/Inc -I../Drivers/STM32F1xx_HAL_Driver/Inc/Legacy -I../Drivers/STM32F1xx_HAL_Driver/Inc -I../Drivers/CMSIS/Device/ST/STM32F1xx/Include -I../Drivers/CMSIS/Include -O0 -ffunction-sections -fdata-sections -Wall -fstack-usage -MMD -MP -MF"Core/Src/fsm_simple_buttons.d" -MT"Core/Src/fsm_simple_buttons.o" --specs=nano.specs -mfloat-abi=soft -mthumb -o "Core/Src/fsm_simple_buttons.o"
arm-none-eabi-gcc "../Core/Src/main.c" -mcpu=cortex-m3 -std=gnu11 -g3 -DDEBUG -DUSE_HAL_DRIVER -DSTM32F103x6 -c -I../Core/Inc -I../Drivers/STM32F1xx_HAL_Driver/Inc/Legacy -I../Drivers/STM32F1xx_HAL_Driver/Inc -I../Drivers/CMSIS/Device/ST/STM32F1xx/Include -I../Drivers/CMSIS/Include -O0 -ffunction-sections -fdata-sections -Wall -fstack-usage -MMD -MP -MF"Core/Src/main.d" -MT"Core/Src/main.o" --specs=nano.specs -mfloat-abi=soft -mthumb -o "Core/Src/main.o"
arm-none-eabi-gcc -o "Midterm.elf" @"objects.list"   -mcpu=cortex-m3 -T"D:\Microcontroller\Midterm\STM\Midterm\STM32F103C6UX_FLASH.ld" --specs=nosys.specs -Wl,-Map="Midterm.map" -Wl,--gc-sections -static --specs=nano.specs -mfloat-abi=soft -mthumb -Wl,--start-group -lc -lm -Wl,--end-group
Finished building target: Midterm.elf
 
arm-none-eabi-size   Midterm.elf 
arm-none-eabi-objdump -h -S  Midterm.elf  > "Midterm.list"
arm-none-eabi-objcopy  -O ihex  Midterm.elf  "Midterm.hex"
   text	   data	    bss	    dec	    hex	filename
   9708	     28	   1740	  11476	   2cd4	Midterm.elf
Finished building: default.size.stdout
 
Finished building: Midterm.hex
 
Finished building: Midterm.list
 
21:57:02 **** Incremental Build of configuration Debug for project Midterm ****
make -j8 all 
arm-none-eabi-gcc "../Core/Src/fsm_simple_buttons.c" -mcpu=cortex-m3 -std=gnu11 -g3 -DDEBUG -DUSE_HAL_DRIVER -DSTM32F103x6 -c -I../Core/Inc -I../Drivers/STM32F1xx_HAL_Driver/Inc/Legacy -I../Drivers/STM32F1xx_HAL_Driver/Inc -I../Drivers/CMSIS/Device/ST/STM32F1xx/Include -I../Drivers/CMSIS/Include -O0 -ffunction-sections -fdata-sections -Wall -fstack-usage -MMD -MP -MF"Core/Src/fsm_simple_buttons.d" -MT"Core/Src/fsm_simple_buttons.o" --specs=nano.specs -mfloat-abi=soft -mthumb -o "Core/Src/fsm_simple_buttons.o"
arm-none-eabi-gcc -o "Midterm.elf" @"objects.list"   -mcpu=cortex-m3 -T"D:\Microcontroller\Midterm\STM\Midterm\STM32F103C6UX_FLASH.ld" --specs=nosys.specs -Wl,-Map="Midterm.map" -Wl,--gc-sections -static --specs=nano.specs -mfloat-abi=soft -mthumb -Wl,--start-group -lc -lm -Wl,--end-group
Finished building target: Midterm.elf
 
arm-none-eabi-size   Midterm.elf 
arm-none-eabi-objdump -h -S  Midterm.elf  > "Midterm.list"
arm-none-eabi-objcopy  -O ihex  Midterm.elf  "Midterm.hex"
   text	   data	    bss	    dec	    hex	filename
   9708	     28	   1740	  11476	   2cd4	Midterm.elf
Finished building: default.size.stdout
 
Finished building: Midterm.hex
 
Finished building: Midterm.list
 
22:01:58 **** Incremental Build of configuration Debug for project Midterm ****
make -j8 all 
arm-none-eabi-gcc "../Core/Src/fsm_simple_buttons.c" -mcpu=cortex-m3 -std=gnu11 -g3 -DDEBUG -DUSE_HAL_DRIVER -DSTM32F103x6 -c -I../Core/Inc -I../Drivers/STM32F1xx_HAL_Driver/Inc/Legacy -I../Drivers/STM32F1xx_HAL_Driver/Inc -I../Drivers/CMSIS/Device/ST/STM32F1xx/Include -I../Drivers/CMSIS/Include -O0 -ffunction-sections -fdata-sections -Wall -fstack-usage -MMD -MP -MF"Core/Src/fsm_simple_buttons.d" -MT"Core/Src/fsm_simple_buttons.o" --specs=nano.specs -mfloat-abi=soft -mthumb -o "Core/Src/fsm_simple_buttons.o"
arm-none-eabi-gcc -o "Midterm.elf" @"objects.list"   -mcpu=cortex-m3 -T"D:\Microcontroller\Midterm\STM\Midterm\STM32F103C6UX_FLASH.ld" --specs=nosys.specs -Wl,-Map="Midterm.map" -Wl,--gc-sections -static --specs=nano.specs -mfloat-abi=soft -mthumb -Wl,--start-group -lc -lm -Wl,--end-group
Finished building target: Midterm.elf
 
arm-none-eabi-size   Midterm.elf 
arm-none-eabi-objdump -h -S  Midterm.elf  > "Midterm.list"
arm-none-eabi-objcopy  -O ihex  Midterm.elf  "Midterm.hex"
   text	   data	    bss	    dec	    hex	filename
   9708	     28	   1740	  11476	   2cd4	Midterm.elf
Finished building: default.size.stdout
 
Finished building: Midterm.hex
 
Finished building: Midterm.list
 
