22:01:58 **** Incremental Build of configuration Debug for project Midterm ****
make -j8 all 
arm-none-eabi-gcc "../Core/Src/fsm_simple_buttons.c" -mcpu=cortex-m3 -std=gnu11 -g3 -DDEBUG -DUSE_HAL_DRIVER -DSTM32F103x6 -c -I../Core/Inc -I../Drivers/STM32F1xx_HAL_Driver/Inc/Legacy -I../Drivers/STM32F1xx_HAL_Driver/Inc -I../Drivers/CMSIS/Device/ST/STM32F1xx/Include -I../Drivers/CMSIS/Include -O0 -ffunction-sections -fdata-sections -Wall -fstack-usage -MMD -MP -MF"Core/Src/fsm_simple_buttons.d" -MT"Core/Src/fsm_simple_buttons.o" --specs=nano.specs -mfloat-abi=soft -mthumb -o "Core/Src/fsm_simple_buttons.o"
arm-none-eabi-gcc -o "Midterm.elf" @"objects.list"   -mcpu=cortex-m3 -T"D:\Microcontroller\Midterm\STM\Midterm\STM32F103C6UX_FLASH.ld" --specs=nosys.specs -Wl,-Map="Midterm.map" -Wl,--gc-sections -static --specs=nano.specs -mfloat-abi=soft -mthumb -Wl,--start-group -lc -lm -Wl,--end-group
Finished building target: Midterm.elf
 
arm-none-eabi-size   Midterm.elf 
arm-none-eabi-objdump -h -S  Midterm.elf  > "Midterm.list"
arm-none-eabi-objcopy  -O ihex  Midterm.elf  "Midterm.hex"
   text	   data	    bss	    dec	    hex	filename
   9708	     28	   1740	  11476	   2cd4	Midterm.elf
Finished building: default.size.stdout
 
Finished building: Midterm.hex
 
Finished building: Midterm.list
 

22:01:59 Build Finished. 0 errors, 0 warnings. (took 1s.170ms)

