20:59:11 **** Incremental Build of configuration Debug for project Midterm ****
make -j8 all 
arm-none-eabi-gcc "../Core/Src/main.c" -mcpu=cortex-m3 -std=gnu11 -g3 -DDEBUG -DUSE_HAL_DRIVER -DSTM32F103x6 -c -I../Core/Inc -I../Drivers/STM32F1xx_HAL_Driver/Inc/Legacy -I../Drivers/STM32F1xx_HAL_Driver/Inc -I../Drivers/CMSIS/Device/ST/STM32F1xx/Include -I../Drivers/CMSIS/Include -O0 -ffunction-sections -fdata-sections -Wall -fstack-usage -MMD -MP -MF"Core/Src/main.d" -MT"Core/Src/main.o" --specs=nano.specs -mfloat-abi=soft -mthumb -o "Core/Src/main.o"
arm-none-eabi-gcc -o "Midterm.elf" @"objects.list"   -mcpu=cortex-m3 -T"D:\Microcontroller\Midterm\STM\Midterm\STM32F103C6UX_FLASH.ld" --specs=nosys.specs -Wl,-Map="Midterm.map" -Wl,--gc-sections -static --specs=nano.specs -mfloat-abi=soft -mthumb -Wl,--start-group -lc -lm -Wl,--end-group
Finished building target: Midterm.elf
 
arm-none-eabi-size   Midterm.elf 
arm-none-eabi-objdump -h -S  Midterm.elf  > "Midterm.list"
arm-none-eabi-objcopy  -O ihex  Midterm.elf  "Midterm.hex"
   text	   data	    bss	    dec	    hex	filename
  11292	    104	   1696	  13092	   3324	Midterm.elf
Finished building: default.size.stdout
 
Finished building: Midterm.hex
 
Finished building: Midterm.list
 

20:59:12 Build Finished. 0 errors, 0 warnings. (took 1s.353ms)

